Archive member included because of file (symbol)

c:/altera/13.0sp1/nios2eds/bin/gnu/h-i686-mingw32/bin/../lib/gcc/nios2-elf/4.1.2/../../../../nios2-elf/lib\libm.a(lib_a-w_pow.o)
                              obj/default/frec_gen.o (pow)
c:/altera/13.0sp1/nios2eds/bin/gnu/h-i686-mingw32/bin/../lib/gcc/nios2-elf/4.1.2/../../../../nios2-elf/lib\libm.a(lib_a-e_pow.o)
                              c:/altera/13.0sp1/nios2eds/bin/gnu/h-i686-mingw32/bin/../lib/gcc/nios2-elf/4.1.2/../../../../nios2-elf/lib\libm.a(lib_a-w_pow.o) (__ieee754_pow)
c:/altera/13.0sp1/nios2eds/bin/gnu/h-i686-mingw32/bin/../lib/gcc/nios2-elf/4.1.2/../../../../nios2-elf/lib\libm.a(lib_a-e_sqrt.o)
                              c:/altera/13.0sp1/nios2eds/bin/gnu/h-i686-mingw32/bin/../lib/gcc/nios2-elf/4.1.2/../../../../nios2-elf/lib\libm.a(lib_a-e_pow.o) (__ieee754_sqrt)
c:/altera/13.0sp1/nios2eds/bin/gnu/h-i686-mingw32/bin/../lib/gcc/nios2-elf/4.1.2/../../../../nios2-elf/lib\libm.a(lib_a-s_fabs.o)
                              c:/altera/13.0sp1/nios2eds/bin/gnu/h-i686-mingw32/bin/../lib/gcc/nios2-elf/4.1.2/../../../../nios2-elf/lib\libm.a(lib_a-e_pow.o) (fabs)
c:/altera/13.0sp1/nios2eds/bin/gnu/h-i686-mingw32/bin/../lib/gcc/nios2-elf/4.1.2/../../../../nios2-elf/lib\libm.a(lib_a-s_finite.o)
                              c:/altera/13.0sp1/nios2eds/bin/gnu/h-i686-mingw32/bin/../lib/gcc/nios2-elf/4.1.2/../../../../nios2-elf/lib\libm.a(lib_a-w_pow.o) (finite)
c:/altera/13.0sp1/nios2eds/bin/gnu/h-i686-mingw32/bin/../lib/gcc/nios2-elf/4.1.2/../../../../nios2-elf/lib\libm.a(lib_a-s_isnand.o)
                              c:/altera/13.0sp1/nios2eds/bin/gnu/h-i686-mingw32/bin/../lib/gcc/nios2-elf/4.1.2/../../../../nios2-elf/lib\libm.a(lib_a-w_pow.o) (__isnand)
c:/altera/13.0sp1/nios2eds/bin/gnu/h-i686-mingw32/bin/../lib/gcc/nios2-elf/4.1.2/../../../../nios2-elf/lib\libm.a(lib_a-s_lib_ver.o)
                              c:/altera/13.0sp1/nios2eds/bin/gnu/h-i686-mingw32/bin/../lib/gcc/nios2-elf/4.1.2/../../../../nios2-elf/lib\libm.a(lib_a-w_pow.o) (__fdlib_version)
c:/altera/13.0sp1/nios2eds/bin/gnu/h-i686-mingw32/bin/../lib/gcc/nios2-elf/4.1.2/../../../../nios2-elf/lib\libm.a(lib_a-s_matherr.o)
                              c:/altera/13.0sp1/nios2eds/bin/gnu/h-i686-mingw32/bin/../lib/gcc/nios2-elf/4.1.2/../../../../nios2-elf/lib\libm.a(lib_a-w_pow.o) (matherr)
c:/altera/13.0sp1/nios2eds/bin/gnu/h-i686-mingw32/bin/../lib/gcc/nios2-elf/4.1.2/../../../../nios2-elf/lib\libm.a(lib_a-s_nan.o)
                              c:/altera/13.0sp1/nios2eds/bin/gnu/h-i686-mingw32/bin/../lib/gcc/nios2-elf/4.1.2/../../../../nios2-elf/lib\libm.a(lib_a-e_pow.o) (nan)
c:/altera/13.0sp1/nios2eds/bin/gnu/h-i686-mingw32/bin/../lib/gcc/nios2-elf/4.1.2/../../../../nios2-elf/lib\libm.a(lib_a-s_rint.o)
                              c:/altera/13.0sp1/nios2eds/bin/gnu/h-i686-mingw32/bin/../lib/gcc/nios2-elf/4.1.2/../../../../nios2-elf/lib\libm.a(lib_a-w_pow.o) (rint)
c:/altera/13.0sp1/nios2eds/bin/gnu/h-i686-mingw32/bin/../lib/gcc/nios2-elf/4.1.2/../../../../nios2-elf/lib\libm.a(lib_a-s_scalbn.o)
                              c:/altera/13.0sp1/nios2eds/bin/gnu/h-i686-mingw32/bin/../lib/gcc/nios2-elf/4.1.2/../../../../nios2-elf/lib\libm.a(lib_a-e_pow.o) (scalbn)
c:/altera/13.0sp1/nios2eds/bin/gnu/h-i686-mingw32/bin/../lib/gcc/nios2-elf/4.1.2/../../../../nios2-elf/lib\libm.a(lib_a-s_copysign.o)
                              c:/altera/13.0sp1/nios2eds/bin/gnu/h-i686-mingw32/bin/../lib/gcc/nios2-elf/4.1.2/../../../../nios2-elf/lib\libm.a(lib_a-s_scalbn.o) (copysign)
c:/altera/13.0sp1/nios2eds/bin/gnu/h-i686-mingw32/bin/../lib/gcc/nios2-elf/4.1.2\libgcc.a(_fixunsdfsi.o)
                              obj/default/frec_gen.o (__fixunsdfsi)
c:/altera/13.0sp1/nios2eds/bin/gnu/h-i686-mingw32/bin/../lib/gcc/nios2-elf/4.1.2\libgcc.a(_addsub_sf.o)
                              obj/default/frec_gen.o (__subsf3)
c:/altera/13.0sp1/nios2eds/bin/gnu/h-i686-mingw32/bin/../lib/gcc/nios2-elf/4.1.2\libgcc.a(_mul_sf.o)
                              obj/default/frec_gen.o (__mulsf3)
c:/altera/13.0sp1/nios2eds/bin/gnu/h-i686-mingw32/bin/../lib/gcc/nios2-elf/4.1.2\libgcc.a(_div_sf.o)
                              obj/default/frec_gen.o (__divsf3)
c:/altera/13.0sp1/nios2eds/bin/gnu/h-i686-mingw32/bin/../lib/gcc/nios2-elf/4.1.2\libgcc.a(_ge_sf.o)
                              obj/default/frec_gen.o (__gesf2)
c:/altera/13.0sp1/nios2eds/bin/gnu/h-i686-mingw32/bin/../lib/gcc/nios2-elf/4.1.2\libgcc.a(_lt_sf.o)
                              obj/default/frec_gen.o (__ltsf2)
c:/altera/13.0sp1/nios2eds/bin/gnu/h-i686-mingw32/bin/../lib/gcc/nios2-elf/4.1.2\libgcc.a(_si_to_sf.o)
                              obj/default/frec_gen.o (__floatsisf)
c:/altera/13.0sp1/nios2eds/bin/gnu/h-i686-mingw32/bin/../lib/gcc/nios2-elf/4.1.2\libgcc.a(_sf_to_df.o)
                              obj/default/frec_gen.o (__extendsfdf2)
c:/altera/13.0sp1/nios2eds/bin/gnu/h-i686-mingw32/bin/../lib/gcc/nios2-elf/4.1.2\libgcc.a(_thenan_sf.o)
[...]
Memory Configuration

Name             Origin             Length             Attributes
reset            0x00800000         0x00000020
sdram            0x00800020         0x007fffe0
*default*        0x00000000         0xffffffff

Linker script and memory map

LOAD ../frec_gen_bsp//obj/HAL/src/crt0.o
LOAD obj/default/frec_gen.o
LOAD c:/altera/13.0sp1/nios2eds/bin/gnu/h-i686-mingw32/bin/../lib/gcc/nios2-elf/4.1.2/../../../../nios2-elf/lib\libstdc++.a
LOAD c:/altera/13.0sp1/nios2eds/bin/gnu/h-i686-mingw32/bin/../lib/gcc/nios2-elf/4.1.2/../../../../nios2-elf/lib\libm.a
LOAD c:/altera/13.0sp1/nios2eds/bin/gnu/h-i686-mingw32/bin/../lib/gcc/nios2-elf/4.1.2\libgcc.a
START GROUP
LOAD c:/altera/13.0sp1/nios2eds/bin/gnu/h-i686-mingw32/bin/../lib/gcc/nios2-elf/4.1.2/../../../../nios2-elf/lib\libc.a
LOAD c:/altera/13.0sp1/nios2eds/bin/gnu/h-i686-mingw32/bin/../lib/gcc/nios2-elf/4.1.2\libgcc.a
LOAD ../frec_gen_bsp/\libucosii_bsp.a
END GROUP
LOAD c:/altera/13.0sp1/nios2eds/bin/gnu/h-i686-mingw32/bin/../lib/gcc/nios2-elf/4.1.2\libgcc.a
                0x00800000                __alt_mem_sdram = 0x800000

.entry          0x00800000       0x20
 *(.entry)
 .entry         0x00800000       0x20 ../frec_gen_bsp//obj/HAL/src/crt0.o
                0x00800000                __reset

.exceptions     0x00800020      0x19c
                0x00800020                PROVIDE (__ram_exceptions_start, ABSOLUTE (.))
                0x00800020                . = ALIGN (0x20)
 *(.irq)
 *(.exceptions.entry.label)
 .exceptions.entry.label
                0x00800020        0x0 ../frec_gen_bsp/\libucosii_bsp.a(alt_irq_entry.o)
                0x00800020                alt_irq_entry
 .exceptions.entry.label
                0x00800020        0x0 ../frec_gen_bsp/\libucosii_bsp.a(alt_exception_entry.o)
                0x00800020                alt_exception
 *(.exceptions.entry.user)
 *(.exceptions.entry)
 .exceptions.entry
                0x00800020       0x54 ../frec_gen_bsp/\libucosii_bsp.a(alt_exception_entry.o)
 *(.exceptions.irqtest.user)
 *(.exceptions.irqtest)
 .exceptions.irqtest
                0x00800074       0x10 ../frec_gen_bsp/\libucosii_bsp.a(alt_irq_entry.o)
 *(.exceptions.irqhandler.user)
 *(.exceptions.irqhandler)
 .exceptions.irqhandler
                0x00800084        0x4 ../frec_gen_bsp/\libucosii_bsp.a(alt_irq_entry.o)
 *(.exceptions.irqreturn.user)
 *(.exceptions.irqreturn)
 .exceptions.irqreturn
                0x00800088        0x4 ../frec_gen_bsp/\libucosii_bsp.a(alt_irq_entry.o)
 *(.exceptions.notirq.label)
 .exceptions.notirq.label
                0x0080008c        0x0 ../frec_gen_bsp/\libucosii_bsp.a(alt_irq_entry.o)
 *(.exceptions.notirq.user)
 *(.exceptions.notirq)
 .exceptions.notirq
                0x0080008c        0x8 ../frec_gen_bsp/\libucosii_bsp.a(alt_exception_entry.o)
 *(.exceptions.soft.user)
 *(.exceptions.soft)
 *(.exceptions.unknown.user)
 *(.exceptions.unknown)
 .exceptions.unknown
                0x00800094        0x4 ../frec_gen_bsp/\libucosii_bsp.a(alt_exception_entry.o)
 *(.exceptions.exit.label)
 .exceptions.exit.label
                0x00800098        0x0 ../frec_gen_bsp/\libucosii_bsp.a(alt_irq_entry.o)
 .exceptions.exit.label
                0x00800098        0x0 ../frec_gen_bsp/\libucosii_bsp.a(alt_exception_entry.o)
 *(.exceptions.exit.user)
 *(.exceptions.exit)
 .exceptions.exit
                0x00800098       0x54 ../frec_gen_bsp/\libucosii_bsp.a(alt_exception_entry.o)
 *(.exceptions)
 .exceptions    0x008000ec       0xd0 ../frec_gen_bsp/\libucosii_bsp.a(alt_irq_handler.o)
                0x008000ec                alt_irq_handler
                0x008001bc                PROVIDE (__ram_exceptions_end, ABSOLUTE (.))
                0x00800020                PROVIDE (__flash_exceptions_start, LOADADDR (.exceptions))

.text           0x008001bc    0x1c738
                0x008001bc                PROVIDE (stext, ABSOLUTE (.))
 *(.interp)
 *(.hash)
 *(.dynsym)
 *(.dynstr)
 *(.gnu.version)
 *(.gnu.version_d)
 *(.gnu.version_r)
 *(.rel.init)
 *(.rela.init)
 *(.rel.text .rel.text.* .rel.gnu.linkonce.t.*)
 *(.rela.text .rela.text.* .rela.gnu.linkonce.t.*)
 *(.rel.fini)
 *(.rela.fini)
 *(.rel.rodata .rel.rodata.* .rel.gnu.linkonce.r.*)
 *(.rela.rodata .rela.rodata.* .rela.gnu.linkonce.r.*)
 *(.rel.data .rel.data.* .rel.gnu.linkonce.d.*)
 *(.rela.data .rela.data.* .rela.gnu.linkonce.d.*)
 *(.rel.tdata .rel.tdata.* .rel.gnu.linkonce.td.*)
 *(.rela.tdata .rela.tdata.* .rela.gnu.linkonce.td.*)
 *(.rel.tbss .rel.tbss.* .rel.gnu.linkonce.tb.*)
 *(.rela.tbss .rela.tbss.* .rela.gnu.linkonce.tb.*)
 *(.rel.ctors)
 *(.rela.ctors)
 *(.rel.dtors)
 *(.rela.dtors)
 *(.rel.got)
 *(.rela.got)
 *(.rel.sdata .rel.sdata.* .rel.gnu.linkonce.s.*)
 *(.rela.sdata .rela.sdata.* .rela.gnu.linkonce.s.*)
 *(.rel.sbss .rel.sbss.* .rel.gnu.linkonce.sb.*)
 *(.rela.sbss .rela.sbss.* .rela.gnu.linkonce.sb.*)
 *(.rel.sdata2 .rel.sdata2.* .rel.gnu.linkonce.s2.*)
 *(.rela.sdata2 .rela.sdata2.* .rela.gnu.linkonce.s2.*)
 *(.rel.sbss2 .rel.sbss2.* .rel.gnu.linkonce.sb2.*)
 *(.rela.sbss2 .rela.sbss2.* .rela.gnu.linkonce.sb2.*)
 *(.rel.bss .rel.bss.* .rel.gnu.linkonce.b.*)
 *(.rela.bss .rela.bss.* .rela.gnu.linkonce.b.*)
 *(.rel.plt)
 *(.rela.plt)
 *(.rel.dyn)
 *(.init)
 *(.plt)
 *(.text .stub .text.* .gnu.linkonce.t.*)
 .text          0x008001bc       0x4c ../frec_gen_bsp//obj/HAL/src/crt0.o
                0x008001bc                _start
 .text          0x00800208     0x3688 obj/default/frec_gen.o
                0x00800208                iow
                0x0080025c                ior
                0x008002a8                phy_write
                0x00800344                DM9000_init
                0x008004f8                TransmitPacket
                0x00800614                ReceivePacket
                0x0080088c                main
                0x00800924                VITask
                0x008009d0                RICTask
                0x00800a5c                lcd_init
                0x00800b58                lcd_clear
                0x00800bac                lcd_write_first_line
                0x00800cc0                lcd_write_second_line
                0x00800dd4                create
                0x00800e34                insert_beginning
                0x00800eac                insert_at_end
                0x00800f24                delete_beginning
                0x00800fb0                delete_at_end
                0x0080103c                delete_list
                0x008010e4                frequency_meter
                0x0080116c                calculate_new_freq
                0x008011f0                calculate_average_frequency
                0x008017a8                show_frequency_lcd
                0x00801ab8                function_generator
                0x00801bd4                write_ram_function_generator
                0x00801c94                reset_ccp
                0x00801cf8                configuration_ccp_captura_0
                0x00801d88                configuration_function_generator_square
                0x00801edc                configuration_function_generator_non_square
                0x00802018                configuration_function_generator_ton
                0x0080207c                ccp_activate_square
                0x008020d0                ccp_activate_non_square
                0x00802124                system_config_init
                0x00802198                assign_interruptions
                0x00802220                decimal_to_binary
                0x008022ec                interrupt_captura_0
                0x00802430                edge_button_interrupts
                0x00802518                ethernet_interrupts
                0x00802bf4                assign_pkt_defaults
                0x00802dd4                calculate_ip_checksum
                0x00802ec0                calculate_udp_checksum
                0x00802ee4                pkt_is_viprotocol
                0x0080325c                pkt_is_arprequest
                0x00803480                pkt_changes_to_send
                0x008036ac                pkt_arp_changes_to_send
 .text          0x00803890      0x488 c:/altera/13.0sp1/nios2eds/bin/gnu/h-i686-mingw32/bin/../lib/gcc/nios2-elf/4.1.2/../../../../nios2-elf/lib\libm.a(lib_a-w_pow.o)
                0x00803890                pow
 .text          0x00803d18     0x1300 c:/altera/13.0sp1/nios2eds/bin/gnu/h-i686-mingw32/bin/../lib/gcc/nios2-elf/4.1.2/../../../../nios2-elf/lib\libm.a(lib_a-e_pow.o)
                0x00803d18                __ieee754_pow
 .text          0x00805018      0x2c8 c:/altera/13.0sp1/nios2eds/bin/gnu/h-i686-mingw32/bin/../lib/gcc/nios2-elf/4.1.2/../../../../nios2-elf/lib\libm.a(lib_a-e_sqrt.o)
                0x00805018                __ieee754_sqrt
 .text          0x008052e0       0x18 c:/altera/13.0sp1/nios2eds/bin/gnu/h-i686-mingw32/bin/../lib/gcc/nios2-elf/4.1.2/../../../../nios2-elf/lib\libm.a(lib_a-s_fabs.o)
                0x008052e0                fabs
 .text          0x008052f8       0x1c c:/altera/13.0sp1/nios2eds/bin/gnu/h-i686-mingw32/bin/../lib/gcc/nios2-elf/4.1.2/../../../../nios2-elf/lib\libm.a(lib_a-s_finite.o)
                0x008052f8                finite
 .text          0x00805314       0x30 c:/altera/13.0sp1/nios2eds/bin/gnu/h-i686-mingw32/bin/../lib/gcc/nios2-elf/4.1.2/../../../../nios2-elf/lib\libm.a(lib_a-s_isnand.o)
                0x00805314                __isnand
 .text          0x00805344        0x0 c:/altera/13.0sp1/nios2eds/bin/gnu/h-i686-mingw32/bin/../lib/gcc/nios2-elf/4.1.2/../../../../nios2-elf/lib\libm.a(lib_a-s_lib_ver.o)
 .text          0x00805344        0x8 c:/altera/13.0sp1/nios2eds/bin/gnu/h-i686-mingw32/bin/../lib/gcc/nios2-elf/4.1.2/../../../../nios2-elf/lib\libm.a(lib_a-s_matherr.o)
                0x00805344                matherr
 .text          0x0080534c       0x10 c:/altera/13.0sp1/nios2eds/bin/gnu/h-i686-mingw32/bin/../lib/gcc/nios2-elf/4.1.2/../../../../nios2-elf/lib\libm.a(lib_a-s_nan.o)
                0x0080534c                nan
 .text          0x0080535c      0x210 c:/altera/13.0sp1/nios2eds/bin/gnu/h-i686-mingw32/bin/../lib/gcc/nios2-elf/4.1.2/../../../../nios2-elf/lib\libm.a(lib_a-s_rint.o)
                0x0080535c                rint
 .text          0x0080556c      0x1e0 c:/altera/13.0sp1/nios2eds/bin/gnu/h-i686-mingw32/bin/../lib/gcc/nios2-elf/4.1.2/../../../../nios2-elf/lib\libm.a(lib_a-s_scalbn.o)
                0x0080556c                scalbn
 .text          0x0080574c       0x24 c:/altera/13.0sp1/nios2eds/bin/gnu/h-i686-mingw32/bin/../lib/gcc/nios2-elf/4.1.2/../../../../nios2-elf/lib\libm.a(lib_a-s_copysign.o)
                0x0080574c                copysign
 .text          0x00805770       0xa4 c:/altera/13.0sp1/nios2eds/bin/gnu/h-i686-mingw32/bin/../lib/gcc/nios2-elf/4.1.2\libgcc.a(_fixunsdfsi.o)
                0x00805770                __fixunsdfsi
 .text          0x00805814      0x2b8 c:/altera/13.0sp1/nios2eds/bin/gnu/h-i686-mingw32/bin/../lib/gcc/nios2-elf/4.1.2\libgcc.a(_addsub_sf.o)
                0x008059f8                __subsf3
                0x00805a68                __addsf3
 .text          0x00805acc      0x1e0 c:/altera/13.0sp1/nios2eds/bin/gnu/h-i686-mingw32/bin/../lib/gcc/nios2-elf/4.1.2\libgcc.a(_mul_sf.o)
                0x00805acc                __mulsf3
 .text          0x00805cac      0x174 c:/altera/13.0sp1/nios2eds/bin/gnu/h-i686-mingw32/bin/../lib/gcc/nios2-elf/4.1.2\libgcc.a(_div_sf.o)
                0x00805cac                __divsf3
 .text          0x00805e20       0x78 c:/altera/13.0sp1/nios2eds/bin/gnu/h-i686-mingw32/bin/../lib/gcc/nios2-elf/4.1.2\libgcc.a(_ge_sf.o)
                0x00805e20                __gesf2
 .text          0x00805e98       0x78 c:/altera/13.0sp1/nios2eds/bin/gnu/h-i686-mingw32/bin/../lib/gcc/nios2-elf/4.1.2\libgcc.a(_lt_sf.o)
                0x00805e98                __ltsf2
 .text          0x00805f10       0x98 c:/altera/13.0sp1/nios2eds/bin/gnu/h-i686-mingw32/bin/../lib/gcc/nios2-elf/4.1.2\libgcc.a(_si_to_sf.o)
                0x00805f10                __floatsisf
 .text          0x00805fa8       0x54 c:/altera/13.0sp1/nios2eds/bin/gnu/h-i686-mingw32/bin/../lib/gcc/nios2-elf/4.1.2\libgcc.a(_sf_to_df.o)
                0x00805fa8                __extendsfdf2
 .text          0x00805ffc        0x0 c:/altera/13.0sp1/nios2eds/bin/gnu/h-i686-mingw32/bin/../lib/gcc/nios2-elf/4.1.2\libgcc.a(_thenan_sf.o)
 .text          0x00805ffc       0xc0 c:/altera/13.0sp1/nios2eds/bin/gnu/h-i686-mingw32/bin/../lib/gcc/nios2-elf/4.1.2\libgcc.a(_usi_to_sf.o)
                0x00805ffc                __floatunsisf
 .text          0x008060bc      0x504 c:/altera/13.0sp1/nios2eds/bin/gnu/h-i686-mingw32/bin/../lib/gcc/nios2-elf/4.1.2\libgcc.a(_addsub_df.o)
                0x008064cc                __subdf3
                0x0080654c                __adddf3
 .text          0x008065c0      0x3c4 c:/altera/13.0sp1/nios2eds/bin/gnu/h-i686-mingw32/bin/../lib/gcc/nios2-elf/4.1.2\libgcc.a(_mul_df.o)
                0x008065c0                __muldf3
 .text          0x00806984      0x258 c:/altera/13.0sp1/nios2eds/bin/gnu/h-i686-mingw32/bin/../lib/gcc/nios2-elf/4.1.2\libgcc.a(_div_df.o)
                0x00806984                __divdf3
 .text          0x00806bdc       0x88 c:/altera/13.0sp1/nios2eds/bin/gnu/h-i686-mingw32/bin/../lib/gcc/nios2-elf/4.1.2\libgcc.a(_eq_df.o)
                0x00806bdc                __eqdf2
 .text          0x00806c64       0x88 c:/altera/13.0sp1/nios2eds/bin/gnu/h-i686-mingw32/bin/../lib/gcc/nios2-elf/4.1.2\libgcc.a(_ne_df.o)
                0x00806c64                __nedf2
 .text          0x00806cec       0x88 c:/altera/13.0sp1/nios2eds/bin/gnu/h-i686-mingw32/bin/../lib/gcc/nios2-elf/4.1.2\libgcc.a(_gt_df.o)
                0x00806cec                __gtdf2
 .text          0x00806d74       0x88 c:/altera/13.0sp1/nios2eds/bin/gnu/h-i686-mingw32/bin/../lib/gcc/nios2-elf/4.1.2\libgcc.a(_ge_df.o)
                0x00806d74                __gedf2
 .text          0x00806dfc       0x88 c:/altera/13.0sp1/nios2eds/bin/gnu/h-i686-mingw32/bin/../lib/gcc/nios2-elf/4.1.2\libgcc.a(_lt_df.o)
                0x00806dfc                __ltdf2
 .text          0x00806e84       0x88 c:/altera/13.0sp1/nios2eds/bin/gnu/h-i686-mingw32/bin/../lib/gcc/nios2-elf/4.1.2\libgcc.a(_le_df.o)
                0x00806e84                __ledf2
 .text          0x00806f0c       0xf8 c:/altera/13.0sp1/nios2eds/bin/gnu/h-i686-mingw32/bin/../lib/gcc/nios2-elf/4.1.2\libgcc.a(_si_to_df.o)
                0x00806f0c                __floatsidf
 .text          0x00807004       0xd8 c:/altera/13.0sp1/nios2eds/bin/gnu/h-i686-mingw32/bin/../lib/gcc/nios2-elf/4.1.2\libgcc.a(_df_to_si.o)
                0x00807004                __fixdfsi
 .text          0x008070dc       0x38 c:/altera/13.0sp1/nios2eds/bin/gnu/h-i686-mingw32/bin/../lib/gcc/nios2-elf/4.1.2\libgcc.a(_make_df.o)
                0x008070dc                __make_dp
 .text          0x00807114       0x74 c:/altera/13.0sp1/nios2eds/bin/gnu/h-i686-mingw32/bin/../lib/gcc/nios2-elf/4.1.2\libgcc.a(_df_to_sf.o)
                0x00807114                __truncdfsf2
 .text          0x00807188        0x0 c:/altera/13.0sp1/nios2eds/bin/gnu/h-i686-mingw32/bin/../lib/gcc/nios2-elf/4.1.2\libgcc.a(_thenan_df.o)
 .text          0x00807188      0x194 c:/altera/13.0sp1/nios2eds/bin/gnu/h-i686-mingw32/bin/../lib/gcc/nios2-elf/4.1.2\libgcc.a(_usi_to_df.o)
                0x00807188                __floatunsidf
 .text          0x0080731c      0x14c c:/altera/13.0sp1/nios2eds/bin/gnu/h-i686-mingw32/bin/../lib/gcc/nios2-elf/4.1.2\libgcc.a(lib2-divmod.o)
                0x00807398                __divsi3
                0x008073f8                __modsi3
                0x00807458                __udivsi3
                0x00807460                __umodsi3
 .text          0x00807468       0x98 c:/altera/13.0sp1/nios2eds/bin/gnu/h-i686-mingw32/bin/../lib/gcc/nios2-elf/4.1.2\libgcc.a(_muldi3.o)
                0x00807468                __muldi3
 .text          0x00807500       0x80 c:/altera/13.0sp1/nios2eds/bin/gnu/h-i686-mingw32/bin/../lib/gcc/nios2-elf/4.1.2\libgcc.a(_clzsi2.o)
                0x00807500                __clzsi2
 .text          0x00807580      0x160 c:/altera/13.0sp1/nios2eds/bin/gnu/h-i686-mingw32/bin/../lib/gcc/nios2-elf/4.1.2\libgcc.a(_pack_sf.o)
                0x00807580                __pack_f
 .text          0x008076e0       0xc8 c:/altera/13.0sp1/nios2eds/bin/gnu/h-i686-mingw32/bin/../lib/gcc/nios2-elf/4.1.2\libgcc.a(_unpack_sf.o)
                0x008076e0                __unpack_f
 .text          0x008077a8       0xa8 c:/altera/13.0sp1/nios2eds/bin/gnu/h-i686-mingw32/bin/../lib/gcc/nios2-elf/4.1.2\libgcc.a(_fpcmp_parts_sf.o)
                0x008077a8                __fpcmp_parts_f
 .text          0x00807850       0x2c c:/altera/13.0sp1/nios2eds/bin/gnu/h-i686-mingw32/bin/../lib/gcc/nios2-elf/4.1.2\libgcc.a(_make_sf.o)
                0x00807850                __make_fp
 .text          0x0080787c      0x314 c:/altera/13.0sp1/nios2eds/bin/gnu/h-i686-mingw32/bin/../lib/gcc/nios2-elf/4.1.2\libgcc.a(_pack_df.o)
                0x0080787c                __pack_d
 .text          0x00807b90      0x138 c:/altera/13.0sp1/nios2eds/bin/gnu/h-i686-mingw32/bin/../lib/gcc/nios2-elf/4.1.2\libgcc.a(_unpack_df.o)
                0x00807b90                __unpack_d
 .text          0x00807cc8       0xc8 c:/altera/13.0sp1/nios2eds/bin/gnu/h-i686-mingw32/bin/../lib/gcc/nios2-elf/4.1.2\libgcc.a(_fpcmp_parts_df.o)
                0x00807cc8                __fpcmp_parts_d
 .text          0x00807d90        0x0 c:/altera/13.0sp1/nios2eds/bin/gnu/h-i686-mingw32/bin/../lib/gcc/nios2-elf/4.1.2\libgcc.a(_clz.o)
 .text          0x00807d90       0x10 c:/altera/13.0sp1/nios2eds/bin/gnu/h-i686-mingw32/bin/../lib/gcc/nios2-elf/4.1.2/../../../../nios2-elf/lib\libc.a(lib_a-errno.o)
                0x00807d90                __errno
 .text          0x00807da0        0x0 c:/altera/13.0sp1/nios2eds/bin/gnu/h-i686-mingw32/bin/../lib/gcc/nios2-elf/4.1.2/../../../../nios2-elf/lib\libc.a(lib_a-impure.o)
 .text          0x00807da0       0x28 c:/altera/13.0sp1/nios2eds/bin/gnu/h-i686-mingw32/bin/../lib/gcc/nios2-elf/4.1.2/../../../../nios2-elf/lib\libc.a(lib_a-malloc.o)
                0x00807da0                free
                0x00807db4                malloc
 .text          0x00807dc8      0x740 c:/altera/13.0sp1/nios2eds/bin/gnu/h-i686-mingw32/bin/../lib/gcc/nios2-elf/4.1.2/../../../../nios2-elf/lib\libc.a(lib_a-mallocr.o)
                0x00807dc8                _malloc_r
 .text          0x00808508       0x78 c:/altera/13.0sp1/nios2eds/bin/gnu/h-i686-mingw32/bin/../lib/gcc/nios2-elf/4.1.2/../../../../nios2-elf/lib\libc.a(lib_a-printf.o)
                0x00808508                printf
                0x0080854c                _printf_r
 .text          0x00808580       0xb4 c:/altera/13.0sp1/nios2eds/bin/gnu/h-i686-mingw32/bin/../lib/gcc/nios2-elf/4.1.2/../../../../nios2-elf/lib\libc.a(lib_a-puts.o)
                0x00808580                _puts_r
                0x00808620                puts
 .text          0x00808634       0x70 c:/altera/13.0sp1/nios2eds/bin/gnu/h-i686-mingw32/bin/../lib/gcc/nios2-elf/4.1.2/../../../../nios2-elf/lib\libc.a(lib_a-sbrkr.o)
                0x00808634                _sbrk_r
 .text          0x008086a4       0xd4 c:/altera/13.0sp1/nios2eds/bin/gnu/h-i686-mingw32/bin/../lib/gcc/nios2-elf/4.1.2/../../../../nios2-elf/lib\libc.a(lib_a-sprintf.o)
                0x008086a4                sprintf
                0x00808718                _sprintf_r
 .text          0x00808778       0x74 c:/altera/13.0sp1/nios2eds/bin/gnu/h-i686-mingw32/bin/../lib/gcc/nios2-elf/4.1.2/../../../../nios2-elf/lib\libc.a(lib_a-strlen.o)
                0x00808778                strlen
 .text          0x008087ec       0xbc c:/altera/13.0sp1/nios2eds/bin/gnu/h-i686-mingw32/bin/../lib/gcc/nios2-elf/4.1.2/../../../../nios2-elf/lib\libc.a(lib_a-strncpy.o)
                0x008087ec                strncpy
 .text          0x008088a8     0x1f28 c:/altera/13.0sp1/nios2eds/bin/gnu/h-i686-mingw32/bin/../lib/gcc/nios2-elf/4.1.2/../../../../nios2-elf/lib\libc.a(lib_a-vfprintf.o)
                0x00808900                ___vfprintf_internal_r
                0x0080a7ac                __vfprintf_internal
 .text          0x0080a7d0      0x13c c:/altera/13.0sp1/nios2eds/bin/gnu/h-i686-mingw32/bin/../lib/gcc/nios2-elf/4.1.2/../../../../nios2-elf/lib\libc.a(lib_a-wsetup.o)
                0x0080a7d0                __swsetup_r
 .text          0x0080a90c     0x17cc c:/altera/13.0sp1/nios2eds/bin/gnu/h-i686-mingw32/bin/../lib/gcc/nios2-elf/4.1.2/../../../../nios2-elf/lib\libc.a(lib_a-dtoa.o)
                0x0080ab24                _dtoa_r
 .text          0x0080c0d8      0x230 c:/altera/13.0sp1/nios2eds/bin/gnu/h-i686-mingw32/bin/../lib/gcc/nios2-elf/4.1.2/../../../../nios2-elf/lib\libc.a(lib_a-fflush.o)
                0x0080c0d8                _fflush_r
                0x0080c2d4                fflush
 .text          0x0080c308      0x2c0 c:/altera/13.0sp1/nios2eds/bin/gnu/h-i686-mingw32/bin/../lib/gcc/nios2-elf/4.1.2/../../../../nios2-elf/lib\libc.a(lib_a-findfp.o)
                0x0080c360                __sfp_lock_acquire
                0x0080c364                __sfp_lock_release
                0x0080c368                __sinit_lock_acquire
                0x0080c36c                __sinit_lock_release
                0x0080c370                __sinit
                0x0080c424                __fp_unlock_all
                0x0080c43c                __fp_lock_all
                0x0080c454                _cleanup_r
                0x0080c460                _cleanup
                0x0080c470                __sfmoreglue
                0x0080c4d8                __sfp
 .text          0x0080c5c8      0x440 c:/altera/13.0sp1/nios2eds/bin/gnu/h-i686-mingw32/bin/../lib/gcc/nios2-elf/4.1.2/../../../../nios2-elf/lib\libc.a(lib_a-freer.o)
                0x0080c5c8                _malloc_trim_r
                0x0080c6f4                _free_r
 .text          0x0080ca08      0x49c c:/altera/13.0sp1/nios2eds/bin/gnu/h-i686-mingw32/bin/../lib/gcc/nios2-elf/4.1.2/../../../../nios2-elf/lib\libc.a(lib_a-fvwrite.o)
                0x0080ca08                __sfvwrite_r
 .text          0x0080cea4      0x180 c:/altera/13.0sp1/nios2eds/bin/gnu/h-i686-mingw32/bin/../lib/gcc/nios2-elf/4.1.2/../../../../nios2-elf/lib\libc.a(lib_a-fwalk.o)
                0x0080cea4                _fwalk_reent
                0x0080cf6c                _fwalk
 .text          0x0080d024        0x0 c:/altera/13.0sp1/nios2eds/bin/gnu/h-i686-mingw32/bin/../lib/gcc/nios2-elf/4.1.2/../../../../nios2-elf/lib\libc.a(lib_a-int_errno.o)
 .text          0x0080d024       0xc4 c:/altera/13.0sp1/nios2eds/bin/gnu/h-i686-mingw32/bin/../lib/gcc/nios2-elf/4.1.2/../../../../nios2-elf/lib\libc.a(lib_a-locale.o)
                0x0080d024                __locale_charset
                0x0080d02c                _localeconv_r
                0x0080d038                localeconv
                0x0080d048                _setlocale_r
                0x0080d0cc                setlocale
 .text          0x0080d0e8      0x194 c:/altera/13.0sp1/nios2eds/bin/gnu/h-i686-mingw32/bin/../lib/gcc/nios2-elf/4.1.2/../../../../nios2-elf/lib\libc.a(lib_a-makebuf.o)
                0x0080d0e8                __smakebuf_r
 .text          0x0080d27c       0xe4 c:/altera/13.0sp1/nios2eds/bin/gnu/h-i686-mingw32/bin/../lib/gcc/nios2-elf/4.1.2/../../../../nios2-elf/lib\libc.a(lib_a-memchr.o)
                0x0080d27c                memchr
 .text          0x0080d360       0xa0 c:/altera/13.0sp1/nios2eds/bin/gnu/h-i686-mingw32/bin/../lib/gcc/nios2-elf/4.1.2/../../../../nios2-elf/lib\libc.a(lib_a-memcpy.o)
                0x0080d360                memcpy
 .text          0x0080d400       0xe0 c:/altera/13.0sp1/nios2eds/bin/gnu/h-i686-mingw32/bin/../lib/gcc/nios2-elf/4.1.2/../../../../nios2-elf/lib\libc.a(lib_a-memmove.o)
                0x0080d400                memmove
 .text          0x0080d4e0       0x98 c:/altera/13.0sp1/nios2eds/bin/gnu/h-i686-mingw32/bin/../lib/gcc/nios2-elf/4.1.2/../../../../nios2-elf/lib\libc.a(lib_a-memset.o)
                0x0080d4e0                memset
 .text          0x0080d578      0xff4 c:/altera/13.0sp1/nios2eds/bin/gnu/h-i686-mingw32/bin/../lib/gcc/nios2-elf/4.1.2/../../../../nios2-elf/lib\libc.a(lib_a-mprec.o)
                0x0080d578                _Bfree
                0x0080d5a0                __hi0bits
                0x0080d610                __lo0bits
                0x0080d6d4                __mcmp
                0x0080d734                __ulp
                0x0080d7b4                __b2d
                0x0080d8d4                __ratio
                0x0080d984                _mprec_log10
                0x0080da18                __copybits
                0x0080da70                __any_on
                0x0080daf8                _Balloc
                0x0080dbb4                __d2b
                0x0080dd30                __mdiff
                0x0080debc                __lshift
                0x0080e008                __multiply
                0x0080e1f0                __i2b
                0x0080e22c                __multadd
                0x0080e32c                __pow5mult
                0x0080e44c                __s2b
 .text          0x0080e56c      0x5f4 c:/altera/13.0sp1/nios2eds/bin/gnu/h-i686-mingw32/bin/../lib/gcc/nios2-elf/4.1.2/../../../../nios2-elf/lib\libc.a(lib_a-reallocr.o)
                0x0080e56c                _realloc_r
 .text          0x0080eb60       0x40 c:/altera/13.0sp1/nios2eds/bin/gnu/h-i686-mingw32/bin/../lib/gcc/nios2-elf/4.1.2/../../../../nios2-elf/lib\libc.a(lib_a-s_isinfd.o)
                0x0080eb60                __isinfd
 .text          0x0080eba0      0x14c c:/altera/13.0sp1/nios2eds/bin/gnu/h-i686-mingw32/bin/../lib/gcc/nios2-elf/4.1.2/../../../../nios2-elf/lib\libc.a(lib_a-stdio.o)
                0x0080eba0                __sclose
                0x0080eba8                __sseek
                0x0080ec10                __swrite
                0x0080ec8c                __sread
 .text          0x0080ecec       0xbc c:/altera/13.0sp1/nios2eds/bin/gnu/h-i686-mingw32/bin/../lib/gcc/nios2-elf/4.1.2/../../../../nios2-elf/lib\libc.a(lib_a-strcmp.o)
                0x0080ecec                strcmp
 .text          0x0080eda8       0x78 c:/altera/13.0sp1/nios2eds/bin/gnu/h-i686-mingw32/bin/../lib/gcc/nios2-elf/4.1.2/../../../../nios2-elf/lib\libc.a(lib_a-writer.o)
                0x0080eda8                _write_r
 .text          0x0080ee20       0xb4 c:/altera/13.0sp1/nios2eds/bin/gnu/h-i686-mingw32/bin/../lib/gcc/nios2-elf/4.1.2/../../../../nios2-elf/lib\libc.a(lib_a-callocr.o)
                0x0080ee20                _calloc_r
 .text          0x0080eed4       0x70 c:/altera/13.0sp1/nios2eds/bin/gnu/h-i686-mingw32/bin/../lib/gcc/nios2-elf/4.1.2/../../../../nios2-elf/lib\libc.a(lib_a-closer.o)
                0x0080eed4                _close_r
 .text          0x0080ef44      0x124 c:/altera/13.0sp1/nios2eds/bin/gnu/h-i686-mingw32/bin/../lib/gcc/nios2-elf/4.1.2/../../../../nios2-elf/lib\libc.a(lib_a-fclose.o)
                0x0080ef44                _fclose_r
                0x0080f054                fclose
 .text          0x0080f068       0x74 c:/altera/13.0sp1/nios2eds/bin/gnu/h-i686-mingw32/bin/../lib/gcc/nios2-elf/4.1.2/../../../../nios2-elf/lib\libc.a(lib_a-fstatr.o)
                0x0080f068                _fstat_r
 .text          0x0080f0dc       0x70 c:/altera/13.0sp1/nios2eds/bin/gnu/h-i686-mingw32/bin/../lib/gcc/nios2-elf/4.1.2/../../../../nios2-elf/lib\libc.a(lib_a-isattyr.o)
                0x0080f0dc                _isatty_r
 .text          0x0080f14c       0x78 c:/altera/13.0sp1/nios2eds/bin/gnu/h-i686-mingw32/bin/../lib/gcc/nios2-elf/4.1.2/../../../../nios2-elf/lib\libc.a(lib_a-lseekr.o)
                0x0080f14c                _lseek_r
 .text          0x0080f1c4       0x78 c:/altera/13.0sp1/nios2eds/bin/gnu/h-i686-mingw32/bin/../lib/gcc/nios2-elf/4.1.2/../../../../nios2-elf/lib\libc.a(lib_a-readr.o)
                0x0080f1c4                _read_r
 .text          0x0080f23c      0x5dc c:/altera/13.0sp1/nios2eds/bin/gnu/h-i686-mingw32/bin/../lib/gcc/nios2-elf/4.1.2\libgcc.a(_udivdi3.o)
                0x0080f23c                __udivdi3
 .text          0x0080f818      0x5b0 c:/altera/13.0sp1/nios2eds/bin/gnu/h-i686-mingw32/bin/../lib/gcc/nios2-elf/4.1.2\libgcc.a(_umoddi3.o)
                0x0080f818                __umoddi3
 .text          0x0080fdc8      0x15c ../frec_gen_bsp/\libucosii_bsp.a(alt_close.o)
                0x0080fdc8                close
 .text          0x0080ff24       0x2c ../frec_gen_bsp/\libucosii_bsp.a(alt_dev.o)
 .text          0x0080ff50        0x0 ../frec_gen_bsp/\libucosii_bsp.a(alt_errno.o)
 .text          0x0080ff50      0x134 ../frec_gen_bsp/\libucosii_bsp.a(alt_fstat.o)
                0x0080ff50                fstat
 .text          0x00810084      0x1d4 ../frec_gen_bsp/\libucosii_bsp.a(alt_iic.o)
                0x00810084                alt_ic_isr_register
                0x008100d4                alt_ic_irq_enable
                0x00810170                alt_ic_irq_disable
                0x00810210                alt_ic_irq_enabled
 .text          0x00810258       0xf8 ../frec_gen_bsp/\libucosii_bsp.a(alt_iic_isr_register.o)
                0x00810258                alt_iic_isr_register
 .text          0x00810350        0x0 ../frec_gen_bsp/\libucosii_bsp.a(alt_irq_entry.o)
 .text          0x00810350        0x0 ../frec_gen_bsp/\libucosii_bsp.a(alt_irq_handler.o)
 .text          0x00810350        0x0 ../frec_gen_bsp/\libucosii_bsp.a(alt_irq_vars.o)
 .text          0x00810350      0x120 ../frec_gen_bsp/\libucosii_bsp.a(alt_isatty.o)
                0x00810350                isatty
 .text          0x00810470       0xec ../frec_gen_bsp/\libucosii_bsp.a(alt_load.o)
                0x00810470                alt_load
 .text          0x0081055c      0x150 ../frec_gen_bsp/\libucosii_bsp.a(alt_lseek.o)
                0x0081055c                lseek
 .text          0x008106ac       0xc8 ../frec_gen_bsp/\libucosii_bsp.a(alt_main.o)
                0x008106ac                alt_main
 .text          0x00810774      0x180 ../frec_gen_bsp/\libucosii_bsp.a(alt_read.o)
                0x00810774                read
 .text          0x008108f4       0x60 ../frec_gen_bsp/\libucosii_bsp.a(alt_release_fd.o)
                0x008108f4                alt_release_fd
 .text          0x00810954       0xbc ../frec_gen_bsp/\libucosii_bsp.a(alt_sbrk.o)
                0x00810954                sbrk
 .text          0x00810a10      0x118 ../frec_gen_bsp/\libucosii_bsp.a(alt_usleep.o)
                0x00810a10                usleep
 .text          0x00810b28      0x180 ../frec_gen_bsp/\libucosii_bsp.a(alt_write.o)
                0x00810b28                write
 .text          0x00810ca8      0x108 ../frec_gen_bsp/\libucosii_bsp.a(alt_env_lock.o)
                0x00810ca8                __env_lock
                0x00810d54                __env_unlock
 .text          0x00810db0      0x1d8 ../frec_gen_bsp/\libucosii_bsp.a(alt_malloc_lock.o)
                0x00810db0                __malloc_lock
                0x00810eb8                __malloc_unlock
 .text          0x00810f88     0x2128 ../frec_gen_bsp/\libucosii_bsp.a(os_core.o)
                0x00810f88                OSEventNameGet
                0x008110b8                OSEventNameSet
                0x008111fc                OSEventPendMulti
                0x008118b0                OSInit
                0x00811904                OSIntEnter
                0x00811980                OSIntExit
                0x00811a80                OSSchedLock
                0x00811b0c                OSSchedUnlock
                0x00811bf0                OSStart
                0x00811c60                OSStatInit
                0x00811d0c                OSTimeTick
                0x00811f4c                OSVersion
                0x00811f6c                OS_Dummy
                0x00811f88                OS_EventTaskRdy
                0x0081211c                OS_EventTaskWait
                0x0081222c                OS_EventTaskWaitMulti
                0x00812380                OS_EventTaskRemove
                0x00812438                OS_EventTaskRemoveMulti
                0x0081253c                OS_EventWaitListInit
                0x00812908                OS_MemClr
                0x0081295c                OS_MemCopy
                0x008129c8                OS_Sched
                0x00812b0c                OS_StrCopy
                0x00812b8c                OS_StrLen
                0x00812be4                OS_TaskIdle
                0x00812c40                OS_TaskStat
                0x00812d08                OS_TaskStatStkChk
                0x00812dd0                OS_TCBInit
 .text          0x008130b0      0x18c ../frec_gen_bsp/\libucosii_bsp.a(os_dbg.o)
                0x008130b0                OSDebugInit
 .text          0x0081323c     0x193c ../frec_gen_bsp/\libucosii_bsp.a(os_flag.o)
                0x0081323c                OSFlagAccept
                0x00813570                OSFlagCreate
                0x008136ac                OSFlagDel
                0x00813954                OSFlagNameGet
                0x00813a98                OSFlagNameSet
                0x00813bec                OSFlagPend
                0x00814230                OSFlagPendGetFlagsRdy
                0x00814298                OSFlagPost
                0x00814640                OSFlagQuery
                0x008148d8                OS_FlagInit
                0x00814acc                OS_FlagUnlink
 .text          0x00814b78      0x808 ../frec_gen_bsp/\libucosii_bsp.a(os_mem.o)
                0x00814b78                OSMemCreate
                0x00814d94                OSMemGet
                0x00814e98                OSMemNameGet
                0x00814fa4                OSMemNameSet
                0x008150c4                OSMemPut
                0x008151b4                OSMemQuery
                0x008152b0                OS_MemInit
 .text          0x00815380     0x1334 ../frec_gen_bsp/\libucosii_bsp.a(os_q.o)
                0x00815380                OSQAccept
                0x008154d4                OSQCreate
                0x008156e8                OSQDel
                0x008159e8                OSQFlush
                0x00815ab0                OSQPend
                0x00815dd0                OSQPendAbort
                0x00815f4c                OSQPost
                0x008160cc                OSQPostFront
                0x00816254                OSQPostOpt
                0x00816488                OSQQuery
                0x00816608                OS_QInit
 .text          0x008166b4      0xbc8 ../frec_gen_bsp/\libucosii_bsp.a(os_sem.o)
                0x008166b4                OSSemAccept
                0x00816774                OSSemCreate
                0x00816888                OSSemDel
                0x00816b28                OSSemPend
                0x00816da4                OSSemPendAbort
                0x00816f20                OSSemPost
                0x00817048                OSSemQuery
                0x00817178                OSSemSet
 .text          0x0081727c     0x1a40 ../frec_gen_bsp/\libucosii_bsp.a(os_task.o)
                0x0081727c                OSTaskChangePrio
                0x008177f0                OSTaskCreate
                0x008179c4                OSTaskCreateExt
                0x00817bc4                OSTaskDel
                0x00817fd0                OSTaskDelReq
                0x00818140                OSTaskNameGet
                0x008182f8                OSTaskNameSet
                0x008184bc                OSTaskResume
                0x008186d4                OSTaskStkChk
                0x008188d0                OSTaskSuspend
                0x00818afc                OSTaskQuery
                0x00818c40                OS_TaskStkClr
 .text          0x00818cbc      0x678 ../frec_gen_bsp/\libucosii_bsp.a(os_time.o)
                0x00818cbc                OSTimeDly
                0x00818e08                OSTimeDlyHMSM
                0x0081905c                OSTimeDlyResume
                0x0081926c                OSTimeGet
                0x008192d0                OSTimeSet
 .text          0x00819334       0xe0 ../frec_gen_bsp/\libucosii_bsp.a(alt_sys_init.o)
                0x00819334                alt_irq_init
                0x00819368                alt_sys_init
 .text          0x00819414      0x148 ../frec_gen_bsp/\libucosii_bsp.a(altera_avalon_jtag_uart_fd.o)
                0x00819414                altera_avalon_jtag_uart_read_fd
                0x0081946c                altera_avalon_jtag_uart_write_fd
                0x008194c4                altera_avalon_jtag_uart_close_fd
                0x0081950c                altera_avalon_jtag_uart_ioctl_fd
 .text          0x0081955c      0x584 ../frec_gen_bsp/\libucosii_bsp.a(altera_avalon_jtag_uart_init.o)
                0x0081955c                altera_avalon_jtag_uart_init
                0x00819a6c                altera_avalon_jtag_uart_close
 .text          0x00819ae0       0xf4 ../frec_gen_bsp/\libucosii_bsp.a(altera_avalon_jtag_uart_ioctl.o)
                0x00819ae0                altera_avalon_jtag_uart_ioctl
 .text          0x00819bd4      0x2c0 ../frec_gen_bsp/\libucosii_bsp.a(altera_avalon_jtag_uart_read.o)
                0x00819bd4                altera_avalon_jtag_uart_read
 .text          0x00819e94      0x2dc ../frec_gen_bsp/\libucosii_bsp.a(altera_avalon_jtag_uart_write.o)
                0x00819e94                altera_avalon_jtag_uart_write
 .text          0x0081a170      0xf3c ../frec_gen_bsp/\libucosii_bsp.a(altera_avalon_lcd_16207.o)
                0x0081a944                altera_avalon_lcd_16207_write
                0x0081af48                altera_avalon_lcd_16207_init
 .text          0x0081b0ac       0x58 ../frec_gen_bsp/\libucosii_bsp.a(altera_avalon_lcd_16207_fd.o)
                0x0081b0ac                altera_avalon_lcd_16207_write_fd
 .text          0x0081b104      0x100 ../frec_gen_bsp/\libucosii_bsp.a(altera_avalon_timer_sc.o)
                0x0081b174                alt_avalon_timer_sc_init
 .text          0x0081b204      0x154 ../frec_gen_bsp/\libucosii_bsp.a(alt_alarm_start.o)
                0x0081b204                alt_alarm_start
 .text          0x0081b358      0x14c ../frec_gen_bsp/\libucosii_bsp.a(alt_busy_sleep.o)
                0x0081b358                alt_busy_sleep
 .text          0x0081b4a4       0x44 ../frec_gen_bsp/\libucosii_bsp.a(alt_dcache_flush_all.o)
                0x0081b4a4                alt_dcache_flush_all
 .text          0x0081b4e8      0x114 ../frec_gen_bsp/\libucosii_bsp.a(alt_dev_llist_insert.o)
                0x0081b4e8                alt_dev_llist_insert
 .text          0x0081b5fc       0x64 ../frec_gen_bsp/\libucosii_bsp.a(alt_do_ctors.o)
                0x0081b5fc                _do_ctors
 .text          0x0081b660       0x64 ../frec_gen_bsp/\libucosii_bsp.a(alt_do_dtors.o)
                0x0081b660                _do_dtors
 .text          0x0081b6c4        0x0 ../frec_gen_bsp/\libucosii_bsp.a(alt_exception_entry.o)
 .text          0x0081b6c4       0x30 ../frec_gen_bsp/\libucosii_bsp.a(alt_icache_flush_all.o)
                0x0081b6c4                alt_icache_flush_all
 .text          0x0081b6f4      0x13c ../frec_gen_bsp/\libucosii_bsp.a(alt_io_redirect.o)
                0x0081b7b8                alt_io_redirect
 .text          0x0081b830      0x2c4 ../frec_gen_bsp/\libucosii_bsp.a(alt_open.o)
                0x0081b90c                open
 .text          0x0081baf4      0x1a8 ../frec_gen_bsp/\libucosii_bsp.a(alt_tick.o)
                0x0081baf4                alt_alarm_stop
                0x0081bb8c                alt_tick
 .text          0x0081bc9c       0x20 ../frec_gen_bsp/\libucosii_bsp.a(altera_nios2_qsys_irq.o)
                0x0081bc9c                altera_nios2_qsys_irq_init
 .text          0x0081bcbc       0xd0 ../frec_gen_bsp/\libucosii_bsp.a(os_cpu_a.o)
                0x0081bcbc                OSCtxSw
                0x0081bcbc                OSIntCtxSw
                0x0081bd48                OSStartHighRdy
                0x0081bd68                OSStartTsk
 .text          0x0081bd8c      0x418 ../frec_gen_bsp/\libucosii_bsp.a(os_cpu_c.o)
                0x0081bd8c                OSTaskStkInit
                0x0081c09c                OSTaskCreateHook
                0x0081c0bc                OSTaskDelHook
                0x0081c0dc                OSTaskSwHook
                0x0081c0f8                OSTaskStatHook
                0x0081c114                OSTimeTickHook
                0x0081c130                OSInitHookBegin
                0x0081c14c                OSInitHookEnd
                0x0081c168                OSTaskIdleHook
                0x0081c184                OSTCBInitHook
 .text          0x0081c1a4       0x94 ../frec_gen_bsp/\libucosii_bsp.a(alt_find_dev.o)
                0x0081c1a4                alt_find_dev
 .text          0x0081c238      0x120 ../frec_gen_bsp/\libucosii_bsp.a(alt_find_file.o)
                0x0081c238                alt_find_file
 .text          0x0081c358       0xf4 ../frec_gen_bsp/\libucosii_bsp.a(alt_get_fd.o)
                0x0081c358                alt_get_fd
 .text          0x0081c44c       0x90 ../frec_gen_bsp/\libucosii_bsp.a(alt_icache_flush.o)
                0x0081c44c                alt_icache_flush
 .text          0x0081c4dc       0x14 c:/altera/13.0sp1/nios2eds/bin/gnu/h-i686-mingw32/bin/../lib/gcc/nios2-elf/4.1.2/../../../../nios2-elf/lib\libc.a(lib_a-atexit.o)
                0x0081c4dc                atexit
 .text          0x0081c4f0        0x0 c:/altera/13.0sp1/nios2eds/bin/gnu/h-i686-mingw32/bin/../lib/gcc/nios2-elf/4.1.2/../../../../nios2-elf/lib\libc.a(lib_a-ctype_.o)
 .text          0x0081c4f0       0x38 c:/altera/13.0sp1/nios2eds/bin/gnu/h-i686-mingw32/bin/../lib/gcc/nios2-elf/4.1.2/../../../../nios2-elf/lib\libc.a(lib_a-exit.o)
                0x0081c4f0                exit
 .text          0x0081c528       0x74 c:/altera/13.0sp1/nios2eds/bin/gnu/h-i686-mingw32/bin/../lib/gcc/nios2-elf/4.1.2/../../../../nios2-elf/lib\libc.a(lib_a-memcmp.o)
                0x0081c528                memcmp
 .text          0x0081c59c      0x134 c:/altera/13.0sp1/nios2eds/bin/gnu/h-i686-mingw32/bin/../lib/gcc/nios2-elf/4.1.2/../../../../nios2-elf/lib\libc.a(lib_a-__atexit.o)
                0x0081c59c                __register_exitproc
 .text          0x0081c6d0      0x1b4 c:/altera/13.0sp1/nios2eds/bin/gnu/h-i686-mingw32/bin/../lib/gcc/nios2-elf/4.1.2/../../../../nios2-elf/lib\libc.a(lib_a-__call_atexit.o)
                0x0081c6d4                __call_exitprocs
 .text          0x0081c884       0x6c ../frec_gen_bsp/\libucosii_bsp.a(alt_exit.o)
                0x0081c8c4                _exit
 *(.gnu.warning.*)
 *(.fini)
                0x0081c8f0                PROVIDE (__etext, ABSOLUTE (.))
                0x0081c8f0                PROVIDE (_etext, ABSOLUTE (.))
                0x0081c8f0                PROVIDE (etext, ABSOLUTE (.))
 *(.eh_frame_hdr)
                0x0081c8f0                . = ALIGN (0x4)
                0x0081c8f0                PROVIDE (__preinit_array_start, ABSOLUTE (.))
 *(.preinit_array)
                0x0081c8f0                PROVIDE (__preinit_array_end, ABSOLUTE (.))
                0x0081c8f0                PROVIDE (__init_array_start, ABSOLUTE (.))
 *(.init_array)
                0x0081c8f0                PROVIDE (__init_array_end, ABSOLUTE (.))
                0x0081c8f0                PROVIDE (__fini_array_start, ABSOLUTE (.))
 *(.fini_array)
                0x0081c8f0                PROVIDE (__fini_array_end, ABSOLUTE (.))
 *(.eh_frame)
 *(.gcc_except_table)
 *(.dynamic)
                0x0081c8f0                PROVIDE (__CTOR_LIST__, ABSOLUTE (.))
 *(.ctors)
 *(SORT(.ctors.*))
 .ctors.65535   0x0081c8f0        0x4 c:/altera/13.0sp1/nios2eds/bin/gnu/h-i686-mingw32/bin/../lib/gcc/nios2-elf/4.1.2/../../../../nios2-elf/lib\libc.a(lib_a-__call_atexit.o)
                0x0081c8f4                PROVIDE (__CTOR_END__, ABSOLUTE (.))
                0x0081c8f4                PROVIDE (__DTOR_LIST__, ABSOLUTE (.))
 *(.dtors)
 *(SORT(.dtors.*))
                0x0081c8f4                PROVIDE (__DTOR_END__, ABSOLUTE (.))
 *(.jcr)
                0x0081c8f4                . = ALIGN (0x4)

.rodata         0x0081c8f4      0x84c
                0x0081c8f4                PROVIDE (__ram_rodata_start, ABSOLUTE (.))
                0x0081c8f4                . = ALIGN (0x4)
 *(.rodata .rodata.* .gnu.linkonce.r.*)
 .rodata        0x0081c8f4      0x110 obj/default/frec_gen.o
 .rodata.str1.4
                0x0081ca04        0x4 c:/altera/13.0sp1/nios2eds/bin/gnu/h-i686-mingw32/bin/../lib/gcc/nios2-elf/4.1.2/../../../../nios2-elf/lib\libm.a(lib_a-w_pow.o)
 .rodata.str1.4
                0x00000000        0x4 c:/altera/13.0sp1/nios2eds/bin/gnu/h-i686-mingw32/bin/../lib/gcc/nios2-elf/4.1.2/../../../../nios2-elf/lib\libm.a(lib_a-e_pow.o)
 .rodata        0x0081ca08       0x30 c:/altera/13.0sp1/nios2eds/bin/gnu/h-i686-mingw32/bin/../lib/gcc/nios2-elf/4.1.2/../../../../nios2-elf/lib\libm.a(lib_a-e_pow.o)
 .rodata        0x0081ca38       0x10 c:/altera/13.0sp1/nios2eds/bin/gnu/h-i686-mingw32/bin/../lib/gcc/nios2-elf/4.1.2/../../../../nios2-elf/lib\libm.a(lib_a-s_rint.o)
 .rodata        0x0081ca48       0x10 c:/altera/13.0sp1/nios2eds/bin/gnu/h-i686-mingw32/bin/../lib/gcc/nios2-elf/4.1.2\libgcc.a(_thenan_sf.o)
                0x0081ca48                __thenan_sf
 .rodata        0x0081ca58       0x14 c:/altera/13.0sp1/nios2eds/bin/gnu/h-i686-mingw32/bin/../lib/gcc/nios2-elf/4.1.2\libgcc.a(_thenan_df.o)
                0x0081ca58                __thenan_df
 .rodata        0x0081ca6c      0x100 c:/altera/13.0sp1/nios2eds/bin/gnu/h-i686-mingw32/bin/../lib/gcc/nios2-elf/4.1.2\libgcc.a(_clz.o)
                0x0081ca6c                __clz_tab
 .rodata.str1.4
                0x0081cb6c        0x2 c:/altera/13.0sp1/nios2eds/bin/gnu/h-i686-mingw32/bin/../lib/gcc/nios2-elf/4.1.2/../../../../nios2-elf/lib\libc.a(lib_a-impure.o)
                                  0x4 (size before relaxing)
 *fill*         0x0081cb6e        0x2 00
 .rodata.str1.4
                0x0081cb70        0x2 c:/altera/13.0sp1/nios2eds/bin/gnu/h-i686-mingw32/bin/../lib/gcc/nios2-elf/4.1.2/../../../../nios2-elf/lib\libc.a(lib_a-puts.o)
                                  0x4 (size before relaxing)
 *fill*         0x0081cb72        0x2 00
 .rodata.str1.4
                0x0081cb74       0x5e c:/altera/13.0sp1/nios2eds/bin/gnu/h-i686-mingw32/bin/../lib/gcc/nios2-elf/4.1.2/../../../../nios2-elf/lib\libc.a(lib_a-vfprintf.o)
                                 0x60 (size before relaxing)
 .rodata        0x0081cbd2       0x20 c:/altera/13.0sp1/nios2eds/bin/gnu/h-i686-mingw32/bin/../lib/gcc/nios2-elf/4.1.2/../../../../nios2-elf/lib\libc.a(lib_a-vfprintf.o)
 *fill*         0x0081cbf2        0x2 00
 .rodata.str1.4
                0x0081cbf4       0x10 c:/altera/13.0sp1/nios2eds/bin/gnu/h-i686-mingw32/bin/../lib/gcc/nios2-elf/4.1.2/../../../../nios2-elf/lib\libc.a(lib_a-dtoa.o)
                                 0x14 (size before relaxing)
 .rodata.str1.4
                0x0081cc04       0x10 c:/altera/13.0sp1/nios2eds/bin/gnu/h-i686-mingw32/bin/../lib/gcc/nios2-elf/4.1.2/../../../../nios2-elf/lib\libc.a(lib_a-locale.o)
                                 0x18 (size before relaxing)
 .rodata        0x0081cc14       0x30 c:/altera/13.0sp1/nios2eds/bin/gnu/h-i686-mingw32/bin/../lib/gcc/nios2-elf/4.1.2/../../../../nios2-elf/lib\libc.a(lib_a-locale.o)
 .rodata        0x0081cc44      0x124 c:/altera/13.0sp1/nios2eds/bin/gnu/h-i686-mingw32/bin/../lib/gcc/nios2-elf/4.1.2/../../../../nios2-elf/lib\libc.a(lib_a-mprec.o)
                0x0081cc44                __mprec_tens
                0x0081cd0c                __mprec_bigtens
                0x0081cd34                __mprec_tinytens
 .rodata        0x0081cd68        0xc ../frec_gen_bsp/\libucosii_bsp.a(alt_dev.o)
 .rodata        0x0081cd74        0xc ../frec_gen_bsp/\libucosii_bsp.a(alt_main.o)
 .rodata        0x0081cd80      0x120 ../frec_gen_bsp/\libucosii_bsp.a(os_core.o)
                0x0081cd80                OSUnMapTbl
 .rodata        0x0081cea0       0x18 ../frec_gen_bsp/\libucosii_bsp.a(alt_sys_init.o)
 .rodata        0x0081ceb8        0x4 ../frec_gen_bsp/\libucosii_bsp.a(os_cpu_c.o)
 .rodata        0x0081cebc      0x281 c:/altera/13.0sp1/nios2eds/bin/gnu/h-i686-mingw32/bin/../lib/gcc/nios2-elf/4.1.2/../../../../nios2-elf/lib\libc.a(lib_a-ctype_.o)
                0x0081cebc                _ctype_
 *(.rodata1)
                0x0081d140                . = ALIGN (0x4)
 *fill*         0x0081d13d        0x3 00
                0x0081d140                PROVIDE (__ram_rodata_end, ABSOLUTE (.))
                0x0081c8f4                PROVIDE (__flash_rodata_start, LOADADDR (.rodata))

.rwdata         0x0081d140     0x1c24 load address 0x0081ed64
                0x0081d140                PROVIDE (__ram_rwdata_start, ABSOLUTE (.))
                0x0081d140                . = ALIGN (0x4)
 *(.got.plt)
 *(.got)
 *(.data1)
 *(.data .data.* .gnu.linkonce.d.*)
 .data          0x0081d140        0x0 ../frec_gen_bsp//obj/HAL/src/crt0.o
 .data          0x0081d140        0x0 obj/default/frec_gen.o
 .data          0x0081d140        0x0 c:/altera/13.0sp1/nios2eds/bin/gnu/h-i686-mingw32/bin/../lib/gcc/nios2-elf/4.1.2/../../../../nios2-elf/lib\libm.a(lib_a-w_pow.o)
 .data          0x0081d140        0x0 c:/altera/13.0sp1/nios2eds/bin/gnu/h-i686-mingw32/bin/../lib/gcc/nios2-elf/4.1.2/../../../../nios2-elf/lib\libm.a(lib_a-e_pow.o)
 .data          0x0081d140        0x0 c:/altera/13.0sp1/nios2eds/bin/gnu/h-i686-mingw32/bin/../lib/gcc/nios2-elf/4.1.2/../../../../nios2-elf/lib\libm.a(lib_a-e_sqrt.o)
 .data          0x0081d140        0x0 c:/altera/13.0sp1/nios2eds/bin/gnu/h-i686-mingw32/bin/../lib/gcc/nios2-elf/4.1.2/../../../../nios2-elf/lib\libm.a(lib_a-s_fabs.o)
 .data          0x0081d140        0x0 c:/altera/13.0sp1/nios2eds/bin/gnu/h-i686-mingw32/bin/../lib/gcc/nios2-elf/4.1.2/../../../../nios2-elf/lib\libm.a(lib_a-s_finite.o)
 .data          0x0081d140        0x0 c:/altera/13.0sp1/nios2eds/bin/gnu/h-i686-mingw32/bin/../lib/gcc/nios2-elf/4.1.2/../../../../nios2-elf/lib\libm.a(lib_a-s_isnand.o)
 .data          0x0081d140        0x0 c:/altera/13.0sp1/nios2eds/bin/gnu/h-i686-mingw32/bin/../lib/gcc/nios2-elf/4.1.2/../../../../nios2-elf/lib\libm.a(lib_a-s_lib_ver.o)
 .data          0x0081d140        0x0 c:/altera/13.0sp1/nios2eds/bin/gnu/h-i686-mingw32/bin/../lib/gcc/nios2-elf/4.1.2/../../../../nios2-elf/lib\libm.a(lib_a-s_matherr.o)
 .data          0x0081d140        0x0 c:/altera/13.0sp1/nios2eds/bin/gnu/h-i686-mingw32/bin/../lib/gcc/nios2-elf/4.1.2/../../../../nios2-elf/lib\libm.a(lib_a-s_nan.o)
 .data          0x0081d140        0x0 c:/altera/13.0sp1/nios2eds/bin/gnu/h-i686-mingw32/bin/../lib/gcc/nios2-elf/4.1.2/../../../../nios2-elf/lib\libm.a(lib_a-s_rint.o)
 .data          0x0081d140        0x0 c:/altera/13.0sp1/nios2eds/bin/gnu/h-i686-mingw32/bin/../lib/gcc/nios2-elf/4.1.2/../../../../nios2-elf/lib\libm.a(lib_a-s_scalbn.o)
 .data          0x0081d140        0x0 c:/altera/13.0sp1/nios2eds/bin/gnu/h-i686-mingw32/bin/../lib/gcc/nios2-elf/4.1.2/../../../../nios2-elf/lib\libm.a(lib_a-s_copysign.o)
 .data          0x0081d140        0x0 c:/altera/13.0sp1/nios2eds/bin/gnu/h-i686-mingw32/bin/../lib/gcc/nios2-elf/4.1.2\libgcc.a(_fixunsdfsi.o)
 .data          0x0081d140        0x0 c:/altera/13.0sp1/nios2eds/bin/gnu/h-i686-mingw32/bin/../lib/gcc/nios2-elf/4.1.2\libgcc.a(_addsub_sf.o)
 .data          0x0081d140        0x0 c:/altera/13.0sp1/nios2eds/bin/gnu/h-i686-mingw32/bin/../lib/gcc/nios2-elf/4.1.2\libgcc.a(_mul_sf.o)
 .data          0x0081d140        0x0 c:/altera/13.0sp1/nios2eds/bin/gnu/h-i686-mingw32/bin/../lib/gcc/nios2-elf/4.1.2\libgcc.a(_div_sf.o)
 .data          0x0081d140        0x0 c:/altera/13.0sp1/nios2eds/bin/gnu/h-i686-mingw32/bin/../lib/gcc/nios2-elf/4.1.2\libgcc.a(_ge_sf.o)
 .data          0x0081d140        0x0 c:/altera/13.0sp1/nios2eds/bin/gnu/h-i686-mingw32/bin/../lib/gcc/nios2-elf/4.1.2\libgcc.a(_lt_sf.o)
 .data          0x0081d140        0x0 c:/altera/13.0sp1/nios2eds/bin/gnu/h-i686-mingw32/bin/../lib/gcc/nios2-elf/4.1.2\libgcc.a(_si_to_sf.o)
 .data          0x0081d140        0x0 c:/altera/13.0sp1/nios2eds/bin/gnu/h-i686-mingw32/bin/../lib/gcc/nios2-elf/4.1.2\libgcc.a(_sf_to_df.o)
 .data          0x0081d140        0x0 c:/altera/13.0sp1/nios2eds/bin/gnu/h-i686-mingw32/bin/../lib/gcc/nios2-elf/4.1.2\libgcc.a(_thenan_sf.o)
 .data          0x0081d140        0x0 c:/altera/13.0sp1/nios2eds/bin/gnu/h-i686-mingw32/bin/../lib/gcc/nios2-elf/4.1.2\libgcc.a(_usi_to_sf.o)
 .data          0x0081d140        0x0 c:/altera/13.0sp1/nios2eds/bin/gnu/h-i686-mingw32/bin/../lib/gcc/nios2-elf/4.1.2\libgcc.a(_addsub_df.o)
 .data          0x0081d140        0x0 c:/altera/13.0sp1/nios2eds/bin/gnu/h-i686-mingw32/bin/../lib/gcc/nios2-elf/4.1.2\libgcc.a(_mul_df.o)
 .data          0x0081d140        0x0 c:/altera/13.0sp1/nios2eds/bin/gnu/h-i686-mingw32/bin/../lib/gcc/nios2-elf/4.1.2\libgcc.a(_div_df.o)
 .data          0x0081d140        0x0 c:/altera/13.0sp1/nios2eds/bin/gnu/h-i686-mingw32/bin/../lib/gcc/nios2-elf/4.1.2\libgcc.a(_eq_df.o)
 .data          0x0081d140        0x0 c:/altera/13.0sp1/nios2eds/bin/gnu/h-i686-mingw32/bin/../lib/gcc/nios2-elf/4.1.2\libgcc.a(_ne_df.o)
 .data          0x0081d140        0x0 c:/altera/13.0sp1/nios2eds/bin/gnu/h-i686-mingw32/bin/../lib/gcc/nios2-elf/4.1.2\libgcc.a(_gt_df.o)
 .data          0x0081d140        0x0 c:/altera/13.0sp1/nios2eds/bin/gnu/h-i686-mingw32/bin/../lib/gcc/nios2-elf/4.1.2\libgcc.a(_ge_df.o)
 .data          0x0081d140        0x0 c:/altera/13.0sp1/nios2eds/bin/gnu/h-i686-mingw32/bin/../lib/gcc/nios2-elf/4.1.2\libgcc.a(_lt_df.o)
 .data          0x0081d140        0x0 c:/altera/13.0sp1/nios2eds/bin/gnu/h-i686-mingw32/bin/../lib/gcc/nios2-elf/4.1.2\libgcc.a(_le_df.o)
 .data          0x0081d140        0x0 c:/altera/13.0sp1/nios2eds/bin/gnu/h-i686-mingw32/bin/../lib/gcc/nios2-elf/4.1.2\libgcc.a(_si_to_df.o)
 .data          0x0081d140        0x0 c:/altera/13.0sp1/nios2eds/bin/gnu/h-i686-mingw32/bin/../lib/gcc/nios2-elf/4.1.2\libgcc.a(_df_to_si.o)
 .data          0x0081d140        0x0 c:/altera/13.0sp1/nios2eds/bin/gnu/h-i686-mingw32/bin/../lib/gcc/nios2-elf/4.1.2\libgcc.a(_make_df.o)
 .data          0x0081d140        0x0 c:/altera/13.0sp1/nios2eds/bin/gnu/h-i686-mingw32/bin/../lib/gcc/nios2-elf/4.1.2\libgcc.a(_df_to_sf.o)
 .data          0x0081d140        0x0 c:/altera/13.0sp1/nios2eds/bin/gnu/h-i686-mingw32/bin/../lib/gcc/nios2-elf/4.1.2\libgcc.a(_thenan_df.o)
 .data          0x0081d140        0x0 c:/altera/13.0sp1/nios2eds/bin/gnu/h-i686-mingw32/bin/../lib/gcc/nios2-elf/4.1.2\libgcc.a(_usi_to_df.o)
 .data          0x0081d140        0x0 c:/altera/13.0sp1/nios2eds/bin/gnu/h-i686-mingw32/bin/../lib/gcc/nios2-elf/4.1.2\libgcc.a(lib2-divmod.o)
 .data          0x0081d140        0x0 c:/altera/13.0sp1/nios2eds/bin/gnu/h-i686-mingw32/bin/../lib/gcc/nios2-elf/4.1.2\libgcc.a(_muldi3.o)
 .data          0x0081d140        0x0 c:/altera/13.0sp1/nios2eds/bin/gnu/h-i686-mingw32/bin/../lib/gcc/nios2-elf/4.1.2\libgcc.a(_clzsi2.o)
 .data          0x0081d140        0x0 c:/altera/13.0sp1/nios2eds/bin/gnu/h-i686-mingw32/bin/../lib/gcc/nios2-elf/4.1.2\libgcc.a(_pack_sf.o)
 .data          0x0081d140        0x0 c:/altera/13.0sp1/nios2eds/bin/gnu/h-i686-mingw32/bin/../lib/gcc/nios2-elf/4.1.2\libgcc.a(_unpack_sf.o)
 .data          0x0081d140        0x0 c:/altera/13.0sp1/nios2eds/bin/gnu/h-i686-mingw32/bin/../lib/gcc/nios2-elf/4.1.2\libgcc.a(_fpcmp_parts_sf.o)
 .data          0x0081d140        0x0 c:/altera/13.0sp1/nios2eds/bin/gnu/h-i686-mingw32/bin/../lib/gcc/nios2-elf/4.1.2\libgcc.a(_make_sf.o)
 .data          0x0081d140        0x0 c:/altera/13.0sp1/nios2eds/bin/gnu/h-i686-mingw32/bin/../lib/gcc/nios2-elf/4.1.2\libgcc.a(_pack_df.o)
 .data          0x0081d140        0x0 c:/altera/13.0sp1/nios2eds/bin/gnu/h-i686-mingw32/bin/../lib/gcc/nios2-elf/4.1.2\libgcc.a(_unpack_df.o)
 .data          0x0081d140        0x0 c:/altera/13.0sp1/nios2eds/bin/gnu/h-i686-mingw32/bin/../lib/gcc/nios2-elf/4.1.2\libgcc.a(_fpcmp_parts_df.o)
 .data          0x0081d140        0x0 c:/altera/13.0sp1/nios2eds/bin/gnu/h-i686-mingw32/bin/../lib/gcc/nios2-elf/4.1.2\libgcc.a(_clz.o)
 .data          0x0081d140        0x0 c:/altera/13.0sp1/nios2eds/bin/gnu/h-i686-mingw32/bin/../lib/gcc/nios2-elf/4.1.2/../../../../nios2-elf/lib\libc.a(lib_a-errno.o)
 .data          0x0081d140      0x400 c:/altera/13.0sp1/nios2eds/bin/gnu/h-i686-mingw32/bin/../lib/gcc/nios2-elf/4.1.2/../../../../nios2-elf/lib\libc.a(lib_a-impure.o)
 .data          0x0081d540        0x0 c:/altera/13.0sp1/nios2eds/bin/gnu/h-i686-mingw32/bin/../lib/gcc/nios2-elf/4.1.2/../../../../nios2-elf/lib\libc.a(lib_a-malloc.o)
 .data          0x0081d540      0x408 c:/altera/13.0sp1/nios2eds/bin/gnu/h-i686-mingw32/bin/../lib/gcc/nios2-elf/4.1.2/../../../../nios2-elf/lib\libc.a(lib_a-mallocr.o)
                0x0081d540                __malloc_av_
 .data          0x0081d948        0x0 c:/altera/13.0sp1/nios2eds/bin/gnu/h-i686-mingw32/bin/../lib/gcc/nios2-elf/4.1.2/../../../../nios2-elf/lib\libc.a(lib_a-printf.o)
 .data          0x0081d948        0x0 c:/altera/13.0sp1/nios2eds/bin/gnu/h-i686-mingw32/bin/../lib/gcc/nios2-elf/4.1.2/../../../../nios2-elf/lib\libc.a(lib_a-puts.o)
 .data          0x0081d948        0x0 c:/altera/13.0sp1/nios2eds/bin/gnu/h-i686-mingw32/bin/../lib/gcc/nios2-elf/4.1.2/../../../../nios2-elf/lib\libc.a(lib_a-sbrkr.o)
 .data          0x0081d948        0x0 c:/altera/13.0sp1/nios2eds/bin/gnu/h-i686-mingw32/bin/../lib/gcc/nios2-elf/4.1.2/../../../../nios2-elf/lib\libc.a(lib_a-sprintf.o)
 .data          0x0081d948        0x0 c:/altera/13.0sp1/nios2eds/bin/gnu/h-i686-mingw32/bin/../lib/gcc/nios2-elf/4.1.2/../../../../nios2-elf/lib\libc.a(lib_a-strlen.o)
 .data          0x0081d948        0x0 c:/altera/13.0sp1/nios2eds/bin/gnu/h-i686-mingw32/bin/../lib/gcc/nios2-elf/4.1.2/../../../../nios2-elf/lib\libc.a(lib_a-strncpy.o)
 .data          0x0081d948        0x0 c:/altera/13.0sp1/nios2eds/bin/gnu/h-i686-mingw32/bin/../lib/gcc/nios2-elf/4.1.2/../../../../nios2-elf/lib\libc.a(lib_a-vfprintf.o)
 .data          0x0081d948        0x0 c:/altera/13.0sp1/nios2eds/bin/gnu/h-i686-mingw32/bin/../lib/gcc/nios2-elf/4.1.2/../../../../nios2-elf/lib\libc.a(lib_a-wsetup.o)
 .data          0x0081d948        0x0 c:/altera/13.0sp1/nios2eds/bin/gnu/h-i686-mingw32/bin/../lib/gcc/nios2-elf/4.1.2/../../../../nios2-elf/lib\libc.a(lib_a-dtoa.o)
 .data          0x0081d948        0x0 c:/altera/13.0sp1/nios2eds/bin/gnu/h-i686-mingw32/bin/../lib/gcc/nios2-elf/4.1.2/../../../../nios2-elf/lib\libc.a(lib_a-fflush.o)
 .data          0x0081d948        0x0 c:/altera/13.0sp1/nios2eds/bin/gnu/h-i686-mingw32/bin/../lib/gcc/nios2-elf/4.1.2/../../../../nios2-elf/lib\libc.a(lib_a-findfp.o)
 .data          0x0081d948        0x0 c:/altera/13.0sp1/nios2eds/bin/gnu/h-i686-mingw32/bin/../lib/gcc/nios2-elf/4.1.2/../../../../nios2-elf/lib\libc.a(lib_a-freer.o)
 .data          0x0081d948        0x0 c:/altera/13.0sp1/nios2eds/bin/gnu/h-i686-mingw32/bin/../lib/gcc/nios2-elf/4.1.2/../../../../nios2-elf/lib\libc.a(lib_a-fvwrite.o)
 .data          0x0081d948        0x0 c:/altera/13.0sp1/nios2eds/bin/gnu/h-i686-mingw32/bin/../lib/gcc/nios2-elf/4.1.2/../../../../nios2-elf/lib\libc.a(lib_a-fwalk.o)
 .data          0x0081d948        0x0 c:/altera/13.0sp1/nios2eds/bin/gnu/h-i686-mingw32/bin/../lib/gcc/nios2-elf/4.1.2/../../../../nios2-elf/lib\libc.a(lib_a-int_errno.o)
 .data          0x0081d948        0xc c:/altera/13.0sp1/nios2eds/bin/gnu/h-i686-mingw32/bin/../lib/gcc/nios2-elf/4.1.2/../../../../nios2-elf/lib\libc.a(lib_a-locale.o)
                0x0081d948                __lc_ctype
 .data          0x0081d954        0x0 c:/altera/13.0sp1/nios2eds/bin/gnu/h-i686-mingw32/bin/../lib/gcc/nios2-elf/4.1.2/../../../../nios2-elf/lib\libc.a(lib_a-makebuf.o)
 .data          0x0081d954        0x0 c:/altera/13.0sp1/nios2eds/bin/gnu/h-i686-mingw32/bin/../lib/gcc/nios2-elf/4.1.2/../../../../nios2-elf/lib\libc.a(lib_a-memchr.o)
 .data          0x0081d954        0x0 c:/altera/13.0sp1/nios2eds/bin/gnu/h-i686-mingw32/bin/../lib/gcc/nios2-elf/4.1.2/../../../../nios2-elf/lib\libc.a(lib_a-memcpy.o)
 .data          0x0081d954        0x0 c:/altera/13.0sp1/nios2eds/bin/gnu/h-i686-mingw32/bin/../lib/gcc/nios2-elf/4.1.2/../../../../nios2-elf/lib\libc.a(lib_a-memmove.o)
 .data          0x0081d954        0x0 c:/altera/13.0sp1/nios2eds/bin/gnu/h-i686-mingw32/bin/../lib/gcc/nios2-elf/4.1.2/../../../../nios2-elf/lib\libc.a(lib_a-memset.o)
 .data          0x0081d954        0x0 c:/altera/13.0sp1/nios2eds/bin/gnu/h-i686-mingw32/bin/../lib/gcc/nios2-elf/4.1.2/../../../../nios2-elf/lib\libc.a(lib_a-mprec.o)
 .data          0x0081d954        0x0 c:/altera/13.0sp1/nios2eds/bin/gnu/h-i686-mingw32/bin/../lib/gcc/nios2-elf/4.1.2/../../../../nios2-elf/lib\libc.a(lib_a-reallocr.o)
 .data          0x0081d954        0x0 c:/altera/13.0sp1/nios2eds/bin/gnu/h-i686-mingw32/bin/../lib/gcc/nios2-elf/4.1.2/../../../../nios2-elf/lib\libc.a(lib_a-s_isinfd.o)
 .data          0x0081d954        0x0 c:/altera/13.0sp1/nios2eds/bin/gnu/h-i686-mingw32/bin/../lib/gcc/nios2-elf/4.1.2/../../../../nios2-elf/lib\libc.a(lib_a-stdio.o)
 .data          0x0081d954        0x0 c:/altera/13.0sp1/nios2eds/bin/gnu/h-i686-mingw32/bin/../lib/gcc/nios2-elf/4.1.2/../../../../nios2-elf/lib\libc.a(lib_a-strcmp.o)
 .data          0x0081d954        0x0 c:/altera/13.0sp1/nios2eds/bin/gnu/h-i686-mingw32/bin/../lib/gcc/nios2-elf/4.1.2/../../../../nios2-elf/lib\libc.a(lib_a-writer.o)
 .data          0x0081d954        0x0 c:/altera/13.0sp1/nios2eds/bin/gnu/h-i686-mingw32/bin/../lib/gcc/nios2-elf/4.1.2/../../../../nios2-elf/lib\libc.a(lib_a-callocr.o)
 .data          0x0081d954        0x0 c:/altera/13.0sp1/nios2eds/bin/gnu/h-i686-mingw32/bin/../lib/gcc/nios2-elf/4.1.2/../../../../nios2-elf/lib\libc.a(lib_a-closer.o)
 .data          0x0081d954        0x0 c:/altera/13.0sp1/nios2eds/bin/gnu/h-i686-mingw32/bin/../lib/gcc/nios2-elf/4.1.2/../../../../nios2-elf/lib\libc.a(lib_a-fclose.o)
 .data          0x0081d954        0x0 c:/altera/13.0sp1/nios2eds/bin/gnu/h-i686-mingw32/bin/../lib/gcc/nios2-elf/4.1.2/../../../../nios2-elf/lib\libc.a(lib_a-fstatr.o)
 .data          0x0081d954        0x0 c:/altera/13.0sp1/nios2eds/bin/gnu/h-i686-mingw32/bin/../lib/gcc/nios2-elf/4.1.2/../../../../nios2-elf/lib\libc.a(lib_a-isattyr.o)
 .data          0x0081d954        0x0 c:/altera/13.0sp1/nios2eds/bin/gnu/h-i686-mingw32/bin/../lib/gcc/nios2-elf/4.1.2/../../../../nios2-elf/lib\libc.a(lib_a-lseekr.o)
 .data          0x0081d954        0x0 c:/altera/13.0sp1/nios2eds/bin/gnu/h-i686-mingw32/bin/../lib/gcc/nios2-elf/4.1.2/../../../../nios2-elf/lib\libc.a(lib_a-readr.o)
 .data          0x0081d954        0x0 c:/altera/13.0sp1/nios2eds/bin/gnu/h-i686-mingw32/bin/../lib/gcc/nios2-elf/4.1.2\libgcc.a(_udivdi3.o)
 .data          0x0081d954        0x0 c:/altera/13.0sp1/nios2eds/bin/gnu/h-i686-mingw32/bin/../lib/gcc/nios2-elf/4.1.2\libgcc.a(_umoddi3.o)
 .data          0x0081d954        0x0 ../frec_gen_bsp/\libucosii_bsp.a(alt_close.o)
 .data          0x0081d954      0x1a8 ../frec_gen_bsp/\libucosii_bsp.a(alt_dev.o)
                0x0081d954                alt_dev_null
                0x0081d97c                alt_fd_list
 .data          0x0081dafc        0x0 ../frec_gen_bsp/\libucosii_bsp.a(alt_errno.o)
 .data          0x0081dafc        0x0 ../frec_gen_bsp/\libucosii_bsp.a(alt_fstat.o)
 .data          0x0081dafc        0x0 ../frec_gen_bsp/\libucosii_bsp.a(alt_iic.o)
 .data          0x0081dafc        0x0 ../frec_gen_bsp/\libucosii_bsp.a(alt_iic_isr_register.o)
 .data          0x0081dafc        0x0 ../frec_gen_bsp/\libucosii_bsp.a(alt_irq_entry.o)
 .data          0x0081dafc        0x0 ../frec_gen_bsp/\libucosii_bsp.a(alt_irq_handler.o)
 .data          0x0081dafc        0x0 ../frec_gen_bsp/\libucosii_bsp.a(alt_irq_vars.o)
 .data          0x0081dafc        0x0 ../frec_gen_bsp/\libucosii_bsp.a(alt_isatty.o)
 .data          0x0081dafc        0x0 ../frec_gen_bsp/\libucosii_bsp.a(alt_load.o)
 .data          0x0081dafc        0x0 ../frec_gen_bsp/\libucosii_bsp.a(alt_lseek.o)
 .data          0x0081dafc        0x0 ../frec_gen_bsp/\libucosii_bsp.a(alt_main.o)
 .data          0x0081dafc        0x0 ../frec_gen_bsp/\libucosii_bsp.a(alt_read.o)
 .data          0x0081dafc        0x0 ../frec_gen_bsp/\libucosii_bsp.a(alt_release_fd.o)
 .data          0x0081dafc        0x0 ../frec_gen_bsp/\libucosii_bsp.a(alt_sbrk.o)
 .data          0x0081dafc        0x0 ../frec_gen_bsp/\libucosii_bsp.a(alt_usleep.o)
 .data          0x0081dafc        0x0 ../frec_gen_bsp/\libucosii_bsp.a(alt_write.o)
 .data          0x0081dafc        0x0 ../frec_gen_bsp/\libucosii_bsp.a(alt_env_lock.o)
 .data          0x0081dafc        0x0 ../frec_gen_bsp/\libucosii_bsp.a(alt_malloc_lock.o)
 .data          0x0081dafc        0x0 ../frec_gen_bsp/\libucosii_bsp.a(os_core.o)
 .data          0x0081dafc        0x0 ../frec_gen_bsp/\libucosii_bsp.a(os_dbg.o)
 .data          0x0081dafc        0x0 ../frec_gen_bsp/\libucosii_bsp.a(os_flag.o)
 .data          0x0081dafc        0x0 ../frec_gen_bsp/\libucosii_bsp.a(os_mem.o)
 .data          0x0081dafc        0x0 ../frec_gen_bsp/\libucosii_bsp.a(os_q.o)
 .data          0x0081dafc        0x0 ../frec_gen_bsp/\libucosii_bsp.a(os_sem.o)
 .data          0x0081dafc        0x0 ../frec_gen_bsp/\libucosii_bsp.a(os_task.o)
 .data          0x0081dafc        0x0 ../frec_gen_bsp/\libucosii_bsp.a(os_time.o)
 .data          0x0081dafc     0x1190 ../frec_gen_bsp/\libucosii_bsp.a(alt_sys_init.o)
 .data          0x0081ec8c        0x0 ../frec_gen_bsp/\libucosii_bsp.a(altera_avalon_jtag_uart_fd.o)
 .data          0x0081ec8c        0x0 ../frec_gen_bsp/\libucosii_bsp.a(altera_avalon_jtag_uart_init.o)
 .data          0x0081ec8c        0x0 ../frec_gen_bsp/\libucosii_bsp.a(altera_avalon_jtag_uart_ioctl.o)
 .data          0x0081ec8c        0x0 ../frec_gen_bsp/\libucosii_bsp.a(altera_avalon_jtag_uart_read.o)
 .data          0x0081ec8c        0x0 ../frec_gen_bsp/\libucosii_bsp.a(altera_avalon_jtag_uart_write.o)
 .data          0x0081ec8c        0x0 ../frec_gen_bsp/\libucosii_bsp.a(altera_avalon_lcd_16207.o)
 .data          0x0081ec8c        0x0 ../frec_gen_bsp/\libucosii_bsp.a(altera_avalon_lcd_16207_fd.o)
 .data          0x0081ec8c        0x0 ../frec_gen_bsp/\libucosii_bsp.a(altera_avalon_timer_sc.o)
 .data          0x0081ec8c        0x0 ../frec_gen_bsp/\libucosii_bsp.a(alt_alarm_start.o)
 .data          0x0081ec8c        0x0 ../frec_gen_bsp/\libucosii_bsp.a(alt_busy_sleep.o)
 .data          0x0081ec8c        0x0 ../frec_gen_bsp/\libucosii_bsp.a(alt_dcache_flush_all.o)
 .data          0x0081ec8c        0x0 ../frec_gen_bsp/\libucosii_bsp.a(alt_dev_llist_insert.o)
 .data          0x0081ec8c        0x0 ../frec_gen_bsp/\libucosii_bsp.a(alt_do_ctors.o)
 .data          0x0081ec8c        0x0 ../frec_gen_bsp/\libucosii_bsp.a(alt_do_dtors.o)
 .data          0x0081ec8c        0x0 ../frec_gen_bsp/\libucosii_bsp.a(alt_exception_entry.o)
 .data          0x0081ec8c        0x0 ../frec_gen_bsp/\libucosii_bsp.a(alt_icache_flush_all.o)
 .data          0x0081ec8c        0x0 ../frec_gen_bsp/\libucosii_bsp.a(alt_io_redirect.o)
 .data          0x0081ec8c        0x0 ../frec_gen_bsp/\libucosii_bsp.a(alt_open.o)
 .data          0x0081ec8c        0x0 ../frec_gen_bsp/\libucosii_bsp.a(alt_tick.o)
 .data          0x0081ec8c        0x0 ../frec_gen_bsp/\libucosii_bsp.a(altera_nios2_qsys_irq.o)
 .data          0x0081ec8c        0x0 ../frec_gen_bsp/\libucosii_bsp.a(os_cpu_a.o)
 .data          0x0081ec8c        0x0 ../frec_gen_bsp/\libucosii_bsp.a(os_cpu_c.o)
 .data          0x0081ec8c        0x0 ../frec_gen_bsp/\libucosii_bsp.a(alt_find_dev.o)
 .data          0x0081ec8c        0x0 ../frec_gen_bsp/\libucosii_bsp.a(alt_find_file.o)
 .data          0x0081ec8c        0x0 ../frec_gen_bsp/\libucosii_bsp.a(alt_get_fd.o)
 .data          0x0081ec8c        0x0 ../frec_gen_bsp/\libucosii_bsp.a(alt_icache_flush.o)
 .data          0x0081ec8c        0x0 c:/altera/13.0sp1/nios2eds/bin/gnu/h-i686-mingw32/bin/../lib/gcc/nios2-elf/4.1.2/../../../../nios2-elf/lib\libc.a(lib_a-atexit.o)
 .data          0x0081ec8c        0x0 c:/altera/13.0sp1/nios2eds/bin/gnu/h-i686-mingw32/bin/../lib/gcc/nios2-elf/4.1.2/../../../../nios2-elf/lib\libc.a(lib_a-ctype_.o)
 .data          0x0081ec8c        0x0 c:/altera/13.0sp1/nios2eds/bin/gnu/h-i686-mingw32/bin/../lib/gcc/nios2-elf/4.1.2/../../../../nios2-elf/lib\libc.a(lib_a-exit.o)
 .data          0x0081ec8c        0x0 c:/altera/13.0sp1/nios2eds/bin/gnu/h-i686-mingw32/bin/../lib/gcc/nios2-elf/4.1.2/../../../../nios2-elf/lib\libc.a(lib_a-memcmp.o)
 .data          0x0081ec8c        0x0 c:/altera/13.0sp1/nios2eds/bin/gnu/h-i686-mingw32/bin/../lib/gcc/nios2-elf/4.1.2/../../../../nios2-elf/lib\libc.a(lib_a-__atexit.o)
 .data          0x0081ec8c        0x0 c:/altera/13.0sp1/nios2eds/bin/gnu/h-i686-mingw32/bin/../lib/gcc/nios2-elf/4.1.2/../../../../nios2-elf/lib\libc.a(lib_a-__call_atexit.o)
 .data          0x0081ec8c        0x0 ../frec_gen_bsp/\libucosii_bsp.a(alt_exit.o)
                0x00826c8c                _gp = ABSOLUTE ((. + 0x8000))
                0x00826c8c                PROVIDE (gp, _gp)
 *(.rwdata .rwdata.*)
 *(.sdata .sdata.* .gnu.linkonce.s.*)
 .sdata         0x0081ec8c       0x10 obj/default/frec_gen.o
                0x0081ec8c                ether_addr
                0x0081ec94                captura
                0x0081ec98                last_instrument
 .sdata         0x0081ec9c        0x4 c:/altera/13.0sp1/nios2eds/bin/gnu/h-i686-mingw32/bin/../lib/gcc/nios2-elf/4.1.2/../../../../nios2-elf/lib\libm.a(lib_a-s_lib_ver.o)
                0x0081ec9c                __fdlib_version
 .sdata         0x0081eca0        0x8 c:/altera/13.0sp1/nios2eds/bin/gnu/h-i686-mingw32/bin/../lib/gcc/nios2-elf/4.1.2/../../../../nios2-elf/lib\libc.a(lib_a-impure.o)
                0x0081eca0                _impure_ptr
                0x0081eca4                _global_impure_ptr
 .sdata         0x0081eca8        0x8 c:/altera/13.0sp1/nios2eds/bin/gnu/h-i686-mingw32/bin/../lib/gcc/nios2-elf/4.1.2/../../../../nios2-elf/lib\libc.a(lib_a-mallocr.o)
                0x0081eca8                __malloc_trim_threshold
                0x0081ecac                __malloc_sbrk_base
 .sdata         0x0081ecb0        0x8 c:/altera/13.0sp1/nios2eds/bin/gnu/h-i686-mingw32/bin/../lib/gcc/nios2-elf/4.1.2/../../../../nios2-elf/lib\libc.a(lib_a-locale.o)
                0x0081ecb0                __mb_cur_max
 .sdata         0x0081ecb8       0x14 ../frec_gen_bsp/\libucosii_bsp.a(alt_dev.o)
                0x0081ecb8                alt_fs_list
                0x0081ecc0                alt_dev_list
                0x0081ecc8                alt_max_fd
 .sdata         0x0081eccc        0x4 ../frec_gen_bsp/\libucosii_bsp.a(alt_errno.o)
                0x0081eccc                alt_errno
 .sdata         0x0081ecd0        0x4 ../frec_gen_bsp/\libucosii_bsp.a(alt_irq_vars.o)
                0x0081ecd0                alt_priority_mask
 .sdata         0x0081ecd4        0x4 ../frec_gen_bsp/\libucosii_bsp.a(alt_sbrk.o)
 .sdata         0x0081ecd8        0x4 ../frec_gen_bsp/\libucosii_bsp.a(alt_env_lock.o)
 .sdata         0x0081ecdc        0x4 ../frec_gen_bsp/\libucosii_bsp.a(alt_malloc_lock.o)
 .sdata         0x0081ece0       0x74 ../frec_gen_bsp/\libucosii_bsp.a(os_dbg.o)
                0x0081ece0                OSDebugEn
                0x0081ece4                OSEndiannessTest
                0x0081ece8                OSEventEn
                0x0081ecea                OSEventMax
                0x0081ecec                OSEventNameSize
                0x0081ecee                OSEventSize
                0x0081ecf0                OSEventTblSize
                0x0081ecf2                OSEventMultiEn
                0x0081ecf4                OSFlagEn
                0x0081ecf6                OSFlagGrpSize
                0x0081ecf8                OSFlagNodeSize
                0x0081ecfa                OSFlagWidth
                0x0081ecfc                OSFlagMax
                0x0081ecfe                OSFlagNameSize
                0x0081ed00                OSLowestPrio
                0x0081ed02                OSMboxEn
                0x0081ed04                OSMemEn
                0x0081ed06                OSMemMax
                0x0081ed08                OSMemNameSize
                0x0081ed0a                OSMemSize
                0x0081ed0c                OSMemTblSize
                0x0081ed0e                OSMutexEn
                0x0081ed10                OSPtrSize
                0x0081ed12                OSQEn
                0x0081ed14                OSQMax
                0x0081ed16                OSQSize
                0x0081ed18                OSRdyTblSize
                0x0081ed1a                OSSemEn
                0x0081ed1c                OSStkWidth
                0x0081ed1e                OSTaskCreateEn
                0x0081ed20                OSTaskCreateExtEn
                0x0081ed22                OSTaskDelEn
                0x0081ed24                OSTaskIdleStkSize
                0x0081ed26                OSTaskProfileEn
                0x0081ed28                OSTaskMax
                0x0081ed2a                OSTaskNameSize
                0x0081ed2c                OSTaskStatEn
                0x0081ed2e                OSTaskStatStkSize
                0x0081ed30                OSTaskStatStkChkEn
                0x0081ed32                OSTaskSwHookEn
                0x0081ed34                OSTCBPrioTblMax
                0x0081ed36                OSTCBSize
                0x0081ed38                OSTicksPerSec
                0x0081ed3a                OSTimeTickHookEn
                0x0081ed3c                OSVersionNbr
                0x0081ed3e                OSTmrEn
                0x0081ed40                OSTmrCfgMax
                0x0081ed42                OSTmrCfgNameSize
                0x0081ed44                OSTmrCfgWheelSize
                0x0081ed46                OSTmrCfgTicksPerSec
                0x0081ed48                OSTmrSize
                0x0081ed4a                OSTmrTblSize
                0x0081ed4c                OSTmrWheelSize
                0x0081ed4e                OSTmrWheelTblSize
                0x0081ed50                OSDataSize
 .sdata         0x0081ed54        0x4 ../frec_gen_bsp/\libucosii_bsp.a(altera_avalon_lcd_16207.o)
 .sdata         0x0081ed58        0x8 ../frec_gen_bsp/\libucosii_bsp.a(alt_tick.o)
                0x0081ed58                alt_alarm_list
 .sdata         0x0081ed60        0x4 c:/altera/13.0sp1/nios2eds/bin/gnu/h-i686-mingw32/bin/../lib/gcc/nios2-elf/4.1.2/../../../../nios2-elf/lib\libc.a(lib_a-ctype_.o)
                0x0081ed60                __ctype_ptr
 *(.sdata2 .sdata2.* .gnu.linkonce.s2.*)
                0x0081ed64                . = ALIGN (0x4)
                0x0081ed64                _edata = ABSOLUTE (.)
                0x0081ed64                PROVIDE (edata, ABSOLUTE (.))
                0x0081ed64                PROVIDE (__ram_rwdata_end, ABSOLUTE (.))
                0x0081ed64                PROVIDE (__flash_rwdata_start, LOADADDR (.rwdata))

.bss            0x00820988     0x7bf8
                0x00820988                __bss_start = ABSOLUTE (.)
                0x00820988                PROVIDE (__sbss_start, ABSOLUTE (.))
                0x00820988                PROVIDE (___sbss_start, ABSOLUTE (.))
 *(.dynsbss)
 *(.sbss .sbss.* .gnu.linkonce.sb.*)
 .sbss          0x00820988       0x1c obj/default/frec_gen.o
                0x00820988                captura_valida
                0x0082098c                first
                0x00820990                last
                0x00820994                capturaant
                0x00820998                sw
                0x0082099c                frecuencia
                0x008209a0                num_nodes
 .sbss          0x008209a4        0xc obj/default/frec_gen.o
                0x008209a4                aaa
                0x008209a8                packet_num
                0x008209ac                rx_len
 .sbss          0x008209b0        0xc c:/altera/13.0sp1/nios2eds/bin/gnu/h-i686-mingw32/bin/../lib/gcc/nios2-elf/4.1.2/../../../../nios2-elf/lib\libc.a(lib_a-mallocr.o)
                0x008209b0                __malloc_top_pad
                0x008209b4                __malloc_max_sbrked_mem
                0x008209b8                __malloc_max_total_mem
 .sbss          0x008209bc        0x4 c:/altera/13.0sp1/nios2eds/bin/gnu/h-i686-mingw32/bin/../lib/gcc/nios2-elf/4.1.2/../../../../nios2-elf/lib\libc.a(lib_a-int_errno.o)
                0x008209bc                errno
 .sbss          0x008209c0        0xc c:/altera/13.0sp1/nios2eds/bin/gnu/h-i686-mingw32/bin/../lib/gcc/nios2-elf/4.1.2/../../../../nios2-elf/lib\libc.a(lib_a-locale.o)
                0x008209c0                __nlocale_changed
                0x008209c4                __mlocale_changed
                0x008209c8                _PathLocale
 .sbss          0x008209cc        0x4 ../frec_gen_bsp/\libucosii_bsp.a(alt_dev.o)
                0x008209cc                alt_fd_list_lock
 .sbss          0x008209d0        0x4 ../frec_gen_bsp/\libucosii_bsp.a(alt_irq_vars.o)
                0x008209d0                alt_irq_active
 .sbss          0x008209d4        0xc ../frec_gen_bsp/\libucosii_bsp.a(alt_main.o)
                0x008209d4                alt_argc
                0x008209d8                alt_argv
                0x008209dc                alt_envp
 .sbss          0x008209e0        0x8 ../frec_gen_bsp/\libucosii_bsp.a(alt_env_lock.o)
                0x008209e4                alt_envsem
 .sbss          0x008209e8        0x8 ../frec_gen_bsp/\libucosii_bsp.a(alt_malloc_lock.o)
                0x008209ec                alt_heapsem
 .sbss          0x008209f0       0x50 ../frec_gen_bsp/\libucosii_bsp.a(os_core.o)
                0x008209f0                OSLockNesting
                0x008209f1                OSRunning
                0x008209f4                OSIdleCtr
                0x008209f8                OSPrioHighRdy
                0x008209f9                OSPrioCur
                0x008209fc                OSTCBList
                0x00820a00                OSTickStepState
                0x00820a04                OSCtxSwCtr
                0x00820a08                OSIdleCtrMax
                0x00820a0c                OSTCBFreeList
                0x00820a10                OSCPUUsage
                0x00820a11                OSTaskCtr
                0x00820a14                OSMemFreeList
                0x00820a18                OSTCBHighRdy
                0x00820a1c                OSQFreeList
                0x00820a20                OSRdyGrp
                0x00820a21                OSRdyTbl
                0x00820a24                OSEventFreeList
                0x00820a28                OSIntNesting
                0x00820a2c                OSTCBCur
                0x00820a30                OSTime
                0x00820a34                OSFlagFreeList
                0x00820a38                OSStatRdy
                0x00820a3c                OSIdleCtrRun
 .sbss          0x00820a40        0x8 ../frec_gen_bsp/\libucosii_bsp.a(alt_tick.o)
                0x00820a40                _alt_tick_rate
                0x00820a44                _alt_nticks
 *(.sbss2 .sbss2.* .gnu.linkonce.sb2.*)
 *(.scommon)
                0x00820a48                PROVIDE (__sbss_end, ABSOLUTE (.))
                0x00820a48                PROVIDE (___sbss_end, ABSOLUTE (.))
 *(.dynbss)
 *(.bss .bss.* .gnu.linkonce.b.*)
 .bss           0x00820a48        0x0 ../frec_gen_bsp//obj/HAL/src/crt0.o
 .bss           0x00820a48        0x0 obj/default/frec_gen.o
 .bss           0x00820a48        0x0 c:/altera/13.0sp1/nios2eds/bin/gnu/h-i686-mingw32/bin/../lib/gcc/nios2-elf/4.1.2/../../../../nios2-elf/lib\libm.a(lib_a-w_pow.o)
 .bss           0x00820a48        0x0 c:/altera/13.0sp1/nios2eds/bin/gnu/h-i686-mingw32/bin/../lib/gcc/nios2-elf/4.1.2/../../../../nios2-elf/lib\libm.a(lib_a-e_pow.o)
 .bss           0x00820a48        0x0 c:/altera/13.0sp1/nios2eds/bin/gnu/h-i686-mingw32/bin/../lib/gcc/nios2-elf/4.1.2/../../../../nios2-elf/lib\libm.a(lib_a-e_sqrt.o)
 .bss           0x00820a48        0x0 c:/altera/13.0sp1/nios2eds/bin/gnu/h-i686-mingw32/bin/../lib/gcc/nios2-elf/4.1.2/../../../../nios2-elf/lib\libm.a(lib_a-s_fabs.o)
 .bss           0x00820a48        0x0 c:/altera/13.0sp1/nios2eds/bin/gnu/h-i686-mingw32/bin/../lib/gcc/nios2-elf/4.1.2/../../../../nios2-elf/lib\libm.a(lib_a-s_finite.o)
 .bss           0x00820a48        0x0 c:/altera/13.0sp1/nios2eds/bin/gnu/h-i686-mingw32/bin/../lib/gcc/nios2-elf/4.1.2/../../../../nios2-elf/lib\libm.a(lib_a-s_isnand.o)
 .bss           0x00820a48        0x0 c:/altera/13.0sp1/nios2eds/bin/gnu/h-i686-mingw32/bin/../lib/gcc/nios2-elf/4.1.2/../../../../nios2-elf/lib\libm.a(lib_a-s_lib_ver.o)
 .bss           0x00820a48        0x0 c:/altera/13.0sp1/nios2eds/bin/gnu/h-i686-mingw32/bin/../lib/gcc/nios2-elf/4.1.2/../../../../nios2-elf/lib\libm.a(lib_a-s_matherr.o)
 .bss           0x00820a48        0x0 c:/altera/13.0sp1/nios2eds/bin/gnu/h-i686-mingw32/bin/../lib/gcc/nios2-elf/4.1.2/../../../../nios2-elf/lib\libm.a(lib_a-s_nan.o)
 .bss           0x00820a48        0x0 c:/altera/13.0sp1/nios2eds/bin/gnu/h-i686-mingw32/bin/../lib/gcc/nios2-elf/4.1.2/../../../../nios2-elf/lib\libm.a(lib_a-s_rint.o)
 .bss           0x00820a48        0x0 c:/altera/13.0sp1/nios2eds/bin/gnu/h-i686-mingw32/bin/../lib/gcc/nios2-elf/4.1.2/../../../../nios2-elf/lib\libm.a(lib_a-s_scalbn.o)
 .bss           0x00820a48        0x0 c:/altera/13.0sp1/nios2eds/bin/gnu/h-i686-mingw32/bin/../lib/gcc/nios2-elf/4.1.2/../../../../nios2-elf/lib\libm.a(lib_a-s_copysign.o)
 .bss           0x00820a48        0x0 c:/altera/13.0sp1/nios2eds/bin/gnu/h-i686-mingw32/bin/../lib/gcc/nios2-elf/4.1.2\libgcc.a(_fixunsdfsi.o)
 .bss           0x00820a48        0x0 c:/altera/13.0sp1/nios2eds/bin/gnu/h-i686-mingw32/bin/../lib/gcc/nios2-elf/4.1.2\libgcc.a(_addsub_sf.o)
 .bss           0x00820a48        0x0 c:/altera/13.0sp1/nios2eds/bin/gnu/h-i686-mingw32/bin/../lib/gcc/nios2-elf/4.1.2\libgcc.a(_mul_sf.o)
 .bss           0x00820a48        0x0 c:/altera/13.0sp1/nios2eds/bin/gnu/h-i686-mingw32/bin/../lib/gcc/nios2-elf/4.1.2\libgcc.a(_div_sf.o)
 .bss           0x00820a48        0x0 c:/altera/13.0sp1/nios2eds/bin/gnu/h-i686-mingw32/bin/../lib/gcc/nios2-elf/4.1.2\libgcc.a(_ge_sf.o)
 .bss           0x00820a48        0x0 c:/altera/13.0sp1/nios2eds/bin/gnu/h-i686-mingw32/bin/../lib/gcc/nios2-elf/4.1.2\libgcc.a(_lt_sf.o)
 .bss           0x00820a48        0x0 c:/altera/13.0sp1/nios2eds/bin/gnu/h-i686-mingw32/bin/../lib/gcc/nios2-elf/4.1.2\libgcc.a(_si_to_sf.o)
 .bss           0x00820a48        0x0 c:/altera/13.0sp1/nios2eds/bin/gnu/h-i686-mingw32/bin/../lib/gcc/nios2-elf/4.1.2\libgcc.a(_sf_to_df.o)
 .bss           0x00820a48        0x0 c:/altera/13.0sp1/nios2eds/bin/gnu/h-i686-mingw32/bin/../lib/gcc/nios2-elf/4.1.2\libgcc.a(_thenan_sf.o)
 .bss           0x00820a48        0x0 c:/altera/13.0sp1/nios2eds/bin/gnu/h-i686-mingw32/bin/../lib/gcc/nios2-elf/4.1.2\libgcc.a(_usi_to_sf.o)
 .bss           0x00820a48        0x0 c:/altera/13.0sp1/nios2eds/bin/gnu/h-i686-mingw32/bin/../lib/gcc/nios2-elf/4.1.2\libgcc.a(_addsub_df.o)
 .bss           0x00820a48        0x0 c:/altera/13.0sp1/nios2eds/bin/gnu/h-i686-mingw32/bin/../lib/gcc/nios2-elf/4.1.2\libgcc.a(_mul_df.o)
 .bss           0x00820a48        0x0 c:/altera/13.0sp1/nios2eds/bin/gnu/h-i686-mingw32/bin/../lib/gcc/nios2-elf/4.1.2\libgcc.a(_div_df.o)
 .bss           0x00820a48        0x0 c:/altera/13.0sp1/nios2eds/bin/gnu/h-i686-mingw32/bin/../lib/gcc/nios2-elf/4.1.2\libgcc.a(_eq_df.o)
 .bss           0x00820a48        0x0 c:/altera/13.0sp1/nios2eds/bin/gnu/h-i686-mingw32/bin/../lib/gcc/nios2-elf/4.1.2\libgcc.a(_ne_df.o)
 .bss           0x00820a48        0x0 c:/altera/13.0sp1/nios2eds/bin/gnu/h-i686-mingw32/bin/../lib/gcc/nios2-elf/4.1.2\libgcc.a(_gt_df.o)
 .bss           0x00820a48        0x0 c:/altera/13.0sp1/nios2eds/bin/gnu/h-i686-mingw32/bin/../lib/gcc/nios2-elf/4.1.2\libgcc.a(_ge_df.o)
 .bss           0x00820a48        0x0 c:/altera/13.0sp1/nios2eds/bin/gnu/h-i686-mingw32/bin/../lib/gcc/nios2-elf/4.1.2\libgcc.a(_lt_df.o)
 .bss           0x00820a48        0x0 c:/altera/13.0sp1/nios2eds/bin/gnu/h-i686-mingw32/bin/../lib/gcc/nios2-elf/4.1.2\libgcc.a(_le_df.o)
 .bss           0x00820a48        0x0 c:/altera/13.0sp1/nios2eds/bin/gnu/h-i686-mingw32/bin/../lib/gcc/nios2-elf/4.1.2\libgcc.a(_si_to_df.o)
 .bss           0x00820a48        0x0 c:/altera/13.0sp1/nios2eds/bin/gnu/h-i686-mingw32/bin/../lib/gcc/nios2-elf/4.1.2\libgcc.a(_df_to_si.o)
 .bss           0x00820a48        0x0 c:/altera/13.0sp1/nios2eds/bin/gnu/h-i686-mingw32/bin/../lib/gcc/nios2-elf/4.1.2\libgcc.a(_make_df.o)
 .bss           0x00820a48        0x0 c:/altera/13.0sp1/nios2eds/bin/gnu/h-i686-mingw32/bin/../lib/gcc/nios2-elf/4.1.2\libgcc.a(_df_to_sf.o)
 .bss           0x00820a48        0x0 c:/altera/13.0sp1/nios2eds/bin/gnu/h-i686-mingw32/bin/../lib/gcc/nios2-elf/4.1.2\libgcc.a(_thenan_df.o)
 .bss           0x00820a48        0x0 c:/altera/13.0sp1/nios2eds/bin/gnu/h-i686-mingw32/bin/../lib/gcc/nios2-elf/4.1.2\libgcc.a(_usi_to_df.o)
 .bss           0x00820a48        0x0 c:/altera/13.0sp1/nios2eds/bin/gnu/h-i686-mingw32/bin/../lib/gcc/nios2-elf/4.1.2\libgcc.a(lib2-divmod.o)
 .bss           0x00820a48        0x0 c:/altera/13.0sp1/nios2eds/bin/gnu/h-i686-mingw32/bin/../lib/gcc/nios2-elf/4.1.2\libgcc.a(_muldi3.o)
 .bss           0x00820a48        0x0 c:/altera/13.0sp1/nios2eds/bin/gnu/h-i686-mingw32/bin/../lib/gcc/nios2-elf/4.1.2\libgcc.a(_clzsi2.o)
 .bss           0x00820a48        0x0 c:/altera/13.0sp1/nios2eds/bin/gnu/h-i686-mingw32/bin/../lib/gcc/nios2-elf/4.1.2\libgcc.a(_pack_sf.o)
 .bss           0x00820a48        0x0 c:/altera/13.0sp1/nios2eds/bin/gnu/h-i686-mingw32/bin/../lib/gcc/nios2-elf/4.1.2\libgcc.a(_unpack_sf.o)
 .bss           0x00820a48        0x0 c:/altera/13.0sp1/nios2eds/bin/gnu/h-i686-mingw32/bin/../lib/gcc/nios2-elf/4.1.2\libgcc.a(_fpcmp_parts_sf.o)
 .bss           0x00820a48        0x0 c:/altera/13.0sp1/nios2eds/bin/gnu/h-i686-mingw32/bin/../lib/gcc/nios2-elf/4.1.2\libgcc.a(_make_sf.o)
 .bss           0x00820a48        0x0 c:/altera/13.0sp1/nios2eds/bin/gnu/h-i686-mingw32/bin/../lib/gcc/nios2-elf/4.1.2\libgcc.a(_pack_df.o)
 .bss           0x00820a48        0x0 c:/altera/13.0sp1/nios2eds/bin/gnu/h-i686-mingw32/bin/../lib/gcc/nios2-elf/4.1.2\libgcc.a(_unpack_df.o)
 .bss           0x00820a48        0x0 c:/altera/13.0sp1/nios2eds/bin/gnu/h-i686-mingw32/bin/../lib/gcc/nios2-elf/4.1.2\libgcc.a(_fpcmp_parts_df.o)
 .bss           0x00820a48        0x0 c:/altera/13.0sp1/nios2eds/bin/gnu/h-i686-mingw32/bin/../lib/gcc/nios2-elf/4.1.2\libgcc.a(_clz.o)
 .bss           0x00820a48        0x0 c:/altera/13.0sp1/nios2eds/bin/gnu/h-i686-mingw32/bin/../lib/gcc/nios2-elf/4.1.2/../../../../nios2-elf/lib\libc.a(lib_a-errno.o)
 .bss           0x00820a48        0x0 c:/altera/13.0sp1/nios2eds/bin/gnu/h-i686-mingw32/bin/../lib/gcc/nios2-elf/4.1.2/../../../../nios2-elf/lib\libc.a(lib_a-impure.o)
 .bss           0x00820a48        0x0 c:/altera/13.0sp1/nios2eds/bin/gnu/h-i686-mingw32/bin/../lib/gcc/nios2-elf/4.1.2/../../../../nios2-elf/lib\libc.a(lib_a-malloc.o)
 .bss           0x00820a48       0x28 c:/altera/13.0sp1/nios2eds/bin/gnu/h-i686-mingw32/bin/../lib/gcc/nios2-elf/4.1.2/../../../../nios2-elf/lib\libc.a(lib_a-mallocr.o)
                0x00820a48                __malloc_current_mallinfo
 .bss           0x00820a70        0x0 c:/altera/13.0sp1/nios2eds/bin/gnu/h-i686-mingw32/bin/../lib/gcc/nios2-elf/4.1.2/../../../../nios2-elf/lib\libc.a(lib_a-printf.o)
 .bss           0x00820a70        0x0 c:/altera/13.0sp1/nios2eds/bin/gnu/h-i686-mingw32/bin/../lib/gcc/nios2-elf/4.1.2/../../../../nios2-elf/lib\libc.a(lib_a-puts.o)
 .bss           0x00820a70        0x0 c:/altera/13.0sp1/nios2eds/bin/gnu/h-i686-mingw32/bin/../lib/gcc/nios2-elf/4.1.2/../../../../nios2-elf/lib\libc.a(lib_a-sbrkr.o)
 .bss           0x00820a70        0x0 c:/altera/13.0sp1/nios2eds/bin/gnu/h-i686-mingw32/bin/../lib/gcc/nios2-elf/4.1.2/../../../../nios2-elf/lib\libc.a(lib_a-sprintf.o)
 .bss           0x00820a70        0x0 c:/altera/13.0sp1/nios2eds/bin/gnu/h-i686-mingw32/bin/../lib/gcc/nios2-elf/4.1.2/../../../../nios2-elf/lib\libc.a(lib_a-strlen.o)
 .bss           0x00820a70        0x0 c:/altera/13.0sp1/nios2eds/bin/gnu/h-i686-mingw32/bin/../lib/gcc/nios2-elf/4.1.2/../../../../nios2-elf/lib\libc.a(lib_a-strncpy.o)
 .bss           0x00820a70        0x0 c:/altera/13.0sp1/nios2eds/bin/gnu/h-i686-mingw32/bin/../lib/gcc/nios2-elf/4.1.2/../../../../nios2-elf/lib\libc.a(lib_a-vfprintf.o)
 .bss           0x00820a70        0x0 c:/altera/13.0sp1/nios2eds/bin/gnu/h-i686-mingw32/bin/../lib/gcc/nios2-elf/4.1.2/../../../../nios2-elf/lib\libc.a(lib_a-wsetup.o)
 .bss           0x00820a70        0x0 c:/altera/13.0sp1/nios2eds/bin/gnu/h-i686-mingw32/bin/../lib/gcc/nios2-elf/4.1.2/../../../../nios2-elf/lib\libc.a(lib_a-dtoa.o)
 .bss           0x00820a70        0x0 c:/altera/13.0sp1/nios2eds/bin/gnu/h-i686-mingw32/bin/../lib/gcc/nios2-elf/4.1.2/../../../../nios2-elf/lib\libc.a(lib_a-fflush.o)
 .bss           0x00820a70        0x0 c:/altera/13.0sp1/nios2eds/bin/gnu/h-i686-mingw32/bin/../lib/gcc/nios2-elf/4.1.2/../../../../nios2-elf/lib\libc.a(lib_a-findfp.o)
 .bss           0x00820a70        0x0 c:/altera/13.0sp1/nios2eds/bin/gnu/h-i686-mingw32/bin/../lib/gcc/nios2-elf/4.1.2/../../../../nios2-elf/lib\libc.a(lib_a-freer.o)
 .bss           0x00820a70        0x0 c:/altera/13.0sp1/nios2eds/bin/gnu/h-i686-mingw32/bin/../lib/gcc/nios2-elf/4.1.2/../../../../nios2-elf/lib\libc.a(lib_a-fvwrite.o)
 .bss           0x00820a70        0x0 c:/altera/13.0sp1/nios2eds/bin/gnu/h-i686-mingw32/bin/../lib/gcc/nios2-elf/4.1.2/../../../../nios2-elf/lib\libc.a(lib_a-fwalk.o)
 .bss           0x00820a70        0x0 c:/altera/13.0sp1/nios2eds/bin/gnu/h-i686-mingw32/bin/../lib/gcc/nios2-elf/4.1.2/../../../../nios2-elf/lib\libc.a(lib_a-int_errno.o)
 .bss           0x00820a70        0x0 c:/altera/13.0sp1/nios2eds/bin/gnu/h-i686-mingw32/bin/../lib/gcc/nios2-elf/4.1.2/../../../../nios2-elf/lib\libc.a(lib_a-locale.o)
 .bss           0x00820a70        0x0 c:/altera/13.0sp1/nios2eds/bin/gnu/h-i686-mingw32/bin/../lib/gcc/nios2-elf/4.1.2/../../../../nios2-elf/lib\libc.a(lib_a-makebuf.o)
 .bss           0x00820a70        0x0 c:/altera/13.0sp1/nios2eds/bin/gnu/h-i686-mingw32/bin/../lib/gcc/nios2-elf/4.1.2/../../../../nios2-elf/lib\libc.a(lib_a-memchr.o)
 .bss           0x00820a70        0x0 c:/altera/13.0sp1/nios2eds/bin/gnu/h-i686-mingw32/bin/../lib/gcc/nios2-elf/4.1.2/../../../../nios2-elf/lib\libc.a(lib_a-memcpy.o)
 .bss           0x00820a70        0x0 c:/altera/13.0sp1/nios2eds/bin/gnu/h-i686-mingw32/bin/../lib/gcc/nios2-elf/4.1.2/../../../../nios2-elf/lib\libc.a(lib_a-memmove.o)
 .bss           0x00820a70        0x0 c:/altera/13.0sp1/nios2eds/bin/gnu/h-i686-mingw32/bin/../lib/gcc/nios2-elf/4.1.2/../../../../nios2-elf/lib\libc.a(lib_a-memset.o)
 .bss           0x00820a70        0x0 c:/altera/13.0sp1/nios2eds/bin/gnu/h-i686-mingw32/bin/../lib/gcc/nios2-elf/4.1.2/../../../../nios2-elf/lib\libc.a(lib_a-mprec.o)
 .bss           0x00820a70        0x0 c:/altera/13.0sp1/nios2eds/bin/gnu/h-i686-mingw32/bin/../lib/gcc/nios2-elf/4.1.2/../../../../nios2-elf/lib\libc.a(lib_a-reallocr.o)
 .bss           0x00820a70        0x0 c:/altera/13.0sp1/nios2eds/bin/gnu/h-i686-mingw32/bin/../lib/gcc/nios2-elf/4.1.2/../../../../nios2-elf/lib\libc.a(lib_a-s_isinfd.o)
 .bss           0x00820a70        0x0 c:/altera/13.0sp1/nios2eds/bin/gnu/h-i686-mingw32/bin/../lib/gcc/nios2-elf/4.1.2/../../../../nios2-elf/lib\libc.a(lib_a-stdio.o)
 .bss           0x00820a70        0x0 c:/altera/13.0sp1/nios2eds/bin/gnu/h-i686-mingw32/bin/../lib/gcc/nios2-elf/4.1.2/../../../../nios2-elf/lib\libc.a(lib_a-strcmp.o)
 .bss           0x00820a70        0x0 c:/altera/13.0sp1/nios2eds/bin/gnu/h-i686-mingw32/bin/../lib/gcc/nios2-elf/4.1.2/../../../../nios2-elf/lib\libc.a(lib_a-writer.o)
 .bss           0x00820a70        0x0 c:/altera/13.0sp1/nios2eds/bin/gnu/h-i686-mingw32/bin/../lib/gcc/nios2-elf/4.1.2/../../../../nios2-elf/lib\libc.a(lib_a-callocr.o)
 .bss           0x00820a70        0x0 c:/altera/13.0sp1/nios2eds/bin/gnu/h-i686-mingw32/bin/../lib/gcc/nios2-elf/4.1.2/../../../../nios2-elf/lib\libc.a(lib_a-closer.o)
 .bss           0x00820a70        0x0 c:/altera/13.0sp1/nios2eds/bin/gnu/h-i686-mingw32/bin/../lib/gcc/nios2-elf/4.1.2/../../../../nios2-elf/lib\libc.a(lib_a-fclose.o)
 .bss           0x00820a70        0x0 c:/altera/13.0sp1/nios2eds/bin/gnu/h-i686-mingw32/bin/../lib/gcc/nios2-elf/4.1.2/../../../../nios2-elf/lib\libc.a(lib_a-fstatr.o)
 .bss           0x00820a70        0x0 c:/altera/13.0sp1/nios2eds/bin/gnu/h-i686-mingw32/bin/../lib/gcc/nios2-elf/4.1.2/../../../../nios2-elf/lib\libc.a(lib_a-isattyr.o)
 .bss           0x00820a70        0x0 c:/altera/13.0sp1/nios2eds/bin/gnu/h-i686-mingw32/bin/../lib/gcc/nios2-elf/4.1.2/../../../../nios2-elf/lib\libc.a(lib_a-lseekr.o)
 .bss           0x00820a70        0x0 c:/altera/13.0sp1/nios2eds/bin/gnu/h-i686-mingw32/bin/../lib/gcc/nios2-elf/4.1.2/../../../../nios2-elf/lib\libc.a(lib_a-readr.o)
 .bss           0x00820a70        0x0 c:/altera/13.0sp1/nios2eds/bin/gnu/h-i686-mingw32/bin/../lib/gcc/nios2-elf/4.1.2\libgcc.a(_udivdi3.o)
 .bss           0x00820a70        0x0 c:/altera/13.0sp1/nios2eds/bin/gnu/h-i686-mingw32/bin/../lib/gcc/nios2-elf/4.1.2\libgcc.a(_umoddi3.o)
 .bss           0x00820a70        0x0 ../frec_gen_bsp/\libucosii_bsp.a(alt_close.o)
 .bss           0x00820a70        0x0 ../frec_gen_bsp/\libucosii_bsp.a(alt_dev.o)
 .bss           0x00820a70        0x0 ../frec_gen_bsp/\libucosii_bsp.a(alt_errno.o)
 .bss           0x00820a70        0x0 ../frec_gen_bsp/\libucosii_bsp.a(alt_fstat.o)
 .bss           0x00820a70        0x0 ../frec_gen_bsp/\libucosii_bsp.a(alt_iic.o)
 .bss           0x00820a70        0x0 ../frec_gen_bsp/\libucosii_bsp.a(alt_iic_isr_register.o)